<html>
<body>
<pre>
<h1>µVision Build Log</h1>
<h2>Project:</h2>
N:\SE350\project2\SE350-Lab\RTX\context_switching.uvproj
Project File Date:  02/26/2016

<h2>Output:</h2>
Rebuild target 'RTX'
assembling startup_LPC17xx.s...
compiling system_LPC17xx.c...
compiling uart_polling.c...
compiling printf.c...
compiling main_svc.c...
compiling uart_irq.c...
compiling HAL.c...
compiling k_rtx_init.c...
compiling heap.c...
compiling memory.c...
compiling process.c...
compiling process_queue.c...
compiling usr_proc.c...
linking...
context_switching.axf: Error: L6218E: Undefined symbol timer_init (referred from main_svc.o).
Target not created
Rebuild target 'RTX'
assembling startup_LPC17xx.s...
compiling system_LPC17xx.c...
compiling uart_polling.c...
compiling printf.c...
compiling main_svc.c...
compiling uart_irq.c...
compiling HAL.c...
compiling k_rtx_init.c...
compiling heap.c...
compiling memory.c...
compiling process.c...
compiling process_queue.c...
compiling message.c...
compiling message_queue.c...
compiling timer.c...
compiling usr_proc.c...
linking...
Program Size: Code=4460 RO-data=236 RW-data=96 ZI-data=816  
"context_switching.axf" - 0 Error(s), 0 Warning(s).
Rebuild target 'RTX'
assembling startup_LPC17xx.s...
compiling system_LPC17xx.c...
compiling uart_polling.c...
compiling printf.c...
compiling main_svc.c...
src\main_svc.c(62): warning:  #111-D: statement is unreachable
compiling uart_irq.c...
compiling HAL.c...
compiling k_rtx_init.c...
compiling heap.c...
compiling memory.c...
compiling process.c...
compiling process_queue.c...
compiling message.c...
compiling message_queue.c...
compiling timer.c...
compiling usr_proc.c...
linking...
Program Size: Code=4512 RO-data=236 RW-data=96 ZI-data=816  
"context_switching.axf" - 0 Error(s), 1 Warning(s).
Rebuild target 'RTX'
assembling startup_LPC17xx.s...
compiling system_LPC17xx.c...
compiling uart_polling.c...
compiling printf.c...
compiling main_svc.c...
src\main_svc.c(62): warning:  #111-D: statement is unreachable
compiling uart_irq.c...
compiling HAL.c...
compiling k_rtx_init.c...
compiling heap.c...
compiling memory.c...
compiling process.c...
compiling process_queue.c...
compiling message.c...
compiling message_queue.c...
compiling timer.c...
compiling usr_proc.c...
linking...
Program Size: Code=5480 RO-data=236 RW-data=104 ZI-data=816  
"context_switching.axf" - 0 Error(s), 1 Warning(s).
Load "N:\\SE350\\project2\\SE350-Lab\\RTX\\context_switching.AXF" 
Erase Done.
Programming Done.
Verify OK.
Rebuild target 'RTX'
assembling startup_LPC17xx.s...
compiling system_LPC17xx.c...
compiling uart_polling.c...
compiling printf.c...
compiling main_svc.c...
src\main_svc.c(62): warning:  #111-D: statement is unreachable
src\main_svc.c(31): warning:  #550-D: variable "pUart" was set but never used
compiling uart_irq.c...
compiling HAL.c...
compiling k_rtx_init.c...
compiling heap.c...
compiling memory.c...
compiling process.c...
compiling process_queue.c...
compiling message.c...
compiling message_queue.c...
compiling timer.c...
compiling usr_proc.c...
linking...
Program Size: Code=5448 RO-data=236 RW-data=104 ZI-data=816  
"context_switching.axf" - 0 Error(s), 2 Warning(s).
Rebuild target 'RTX'
assembling startup_LPC17xx.s...
compiling system_LPC17xx.c...
compiling uart_polling.c...
compiling printf.c...
compiling main_svc.c...
src\main_svc.c(62): warning:  #111-D: statement is unreachable
src\main_svc.c(31): warning:  #550-D: variable "pUart" was set but never used
compiling uart_irq.c...
compiling HAL.c...
compiling k_rtx_init.c...
compiling heap.c...
compiling memory.c...
compiling process.c...
compiling process_queue.c...
compiling message.c...
compiling message_queue.c...
compiling timer.c...
compiling usr_proc.c...
linking...
Program Size: Code=5444 RO-data=236 RW-data=104 ZI-data=816  
"context_switching.axf" - 0 Error(s), 2 Warning(s).
Rebuild target 'RTX'
assembling startup_LPC17xx.s...
compiling system_LPC17xx.c...
compiling uart_polling.c...
compiling printf.c...
compiling main_svc.c...
src\main_svc.c(62): warning:  #111-D: statement is unreachable
src\main_svc.c(31): warning:  #550-D: variable "pUart" was set but never used
compiling uart_irq.c...
compiling HAL.c...
compiling k_rtx_init.c...
compiling heap.c...
compiling memory.c...
src\memory.c(67): error:  #268: declaration may not appear after executable statement in block
compiling process.c...
compiling process_queue.c...
compiling message.c...
compiling message_queue.c...
compiling timer.c...
compiling usr_proc.c...
Target not created
Rebuild target 'RTX'
assembling startup_LPC17xx.s...
compiling system_LPC17xx.c...
compiling uart_polling.c...
compiling printf.c...
compiling main_svc.c...
src\main_svc.c(62): warning:  #111-D: statement is unreachable
src\main_svc.c(31): warning:  #550-D: variable "pUart" was set but never used
compiling uart_irq.c...
compiling HAL.c...
compiling k_rtx_init.c...
compiling heap.c...
compiling memory.c...
compiling process.c...
compiling process_queue.c...
compiling message.c...
compiling message_queue.c...
compiling timer.c...
compiling usr_proc.c...
linking...
Program Size: Code=5452 RO-data=236 RW-data=104 ZI-data=816  
"context_switching.axf" - 0 Error(s), 2 Warning(s).
Rebuild target 'RTX'
assembling startup_LPC17xx.s...
compiling system_LPC17xx.c...
compiling uart_polling.c...
compiling printf.c...
compiling main_svc.c...
src\main_svc.c(62): warning:  #111-D: statement is unreachable
src\main_svc.c(31): warning:  #550-D: variable "pUart" was set but never used
compiling uart_irq.c...
compiling HAL.c...
compiling k_rtx_init.c...
compiling heap.c...
compiling memory.c...
compiling process.c...
compiling process_queue.c...
compiling message.c...
compiling message_queue.c...
compiling timer.c...
compiling usr_proc.c...
linking...
Program Size: Code=5456 RO-data=236 RW-data=104 ZI-data=816  
"context_switching.axf" - 0 Error(s), 2 Warning(s).
Rebuild target 'RTX'
assembling startup_LPC17xx.s...
compiling system_LPC17xx.c...
compiling uart_polling.c...
compiling printf.c...
compiling main_svc.c...
src\main_svc.c(62): warning:  #111-D: statement is unreachable
compiling uart_irq.c...
compiling HAL.c...
compiling k_rtx_init.c...
compiling heap.c...
compiling memory.c...
compiling process.c...
compiling process_queue.c...
compiling message.c...
compiling message_queue.c...
compiling timer.c...
compiling usr_proc.c...
linking...
Program Size: Code=5440 RO-data=236 RW-data=104 ZI-data=816  
"context_switching.axf" - 0 Error(s), 1 Warning(s).
Rebuild target 'RTX'
assembling startup_LPC17xx.s...
compiling system_LPC17xx.c...
compiling uart_polling.c...
compiling printf.c...
compiling main_svc.c...
compiling uart_irq.c...
compiling HAL.c...
compiling k_rtx_init.c...
compiling heap.c...
compiling memory.c...
compiling process.c...
compiling process_queue.c...
compiling message.c...
compiling message_queue.c...
compiling timer.c...
compiling usr_proc.c...
linking...
Program Size: Code=5444 RO-data=236 RW-data=104 ZI-data=816  
"context_switching.axf" - 0 Error(s), 0 Warning(s).
Rebuild target 'RTX'
assembling startup_LPC17xx.s...
compiling system_LPC17xx.c...
compiling uart_polling.c...
compiling printf.c...
compiling main_svc.c...
compiling uart_irq.c...
compiling HAL.c...
compiling k_rtx_init.c...
compiling heap.c...
compiling memory.c...
compiling process.c...
compiling process_queue.c...
compiling message.c...
compiling message_queue.c...
compiling timer.c...
compiling usr_proc.c...
src\usr_proc.c(134): warning:  #128-D: loop is not reachable
linking...
Program Size: Code=5272 RO-data=236 RW-data=104 ZI-data=816  
"context_switching.axf" - 0 Error(s), 1 Warning(s).
Rebuild target 'RTX'
assembling startup_LPC17xx.s...
compiling system_LPC17xx.c...
compiling uart_polling.c...
compiling printf.c...
compiling main_svc.c...
compiling uart_irq.c...
compiling HAL.c...
compiling k_rtx_init.c...
compiling heap.c...
compiling memory.c...
compiling process.c...
compiling process_queue.c...
compiling message.c...
compiling message_queue.c...
compiling timer.c...
compiling usr_proc.c...
src\usr_proc.c(134): warning:  #128-D: loop is not reachable
linking...
Program Size: Code=5320 RO-data=236 RW-data=104 ZI-data=816  
"context_switching.axf" - 0 Error(s), 1 Warning(s).
Rebuild target 'RTX'
assembling startup_LPC17xx.s...
compiling system_LPC17xx.c...
compiling uart_polling.c...
compiling printf.c...
compiling main_svc.c...
compiling uart_irq.c...
compiling HAL.c...
compiling k_rtx_init.c...
compiling heap.c...
compiling memory.c...
compiling process.c...
src\process.c(34): error:  #136: struct "proc_init" has no field "isIProcess"
src\process.c(158): error:  #136: struct "proc_init" has no field "isIProcess"
compiling process_queue.c...
compiling message.c...
compiling message_queue.c...
compiling timer.c...
compiling usr_proc.c...
src\usr_proc.c(134): warning:  #128-D: loop is not reachable
Target not created
Rebuild target 'RTX'
assembling startup_LPC17xx.s...
compiling system_LPC17xx.c...
compiling uart_polling.c...
compiling printf.c...
compiling main_svc.c...
compiling uart_irq.c...
compiling HAL.c...
compiling k_rtx_init.c...
compiling heap.c...
compiling memory.c...
compiling process.c...
compiling process_queue.c...
compiling message.c...
compiling message_queue.c...
compiling timer.c...
compiling usr_proc.c...
src\usr_proc.c(134): warning:  #128-D: loop is not reachable
linking...
Program Size: Code=5332 RO-data=236 RW-data=104 ZI-data=816  
"context_switching.axf" - 0 Error(s), 1 Warning(s).
Rebuild target 'RTX'
assembling startup_LPC17xx.s...
compiling system_LPC17xx.c...
compiling uart_polling.c...
compiling printf.c...
compiling main_svc.c...
compiling uart_irq.c...
compiling HAL.c...
compiling k_rtx_init.c...
compiling heap.c...
compiling memory.c...
compiling process.c...
compiling process_queue.c...
compiling message.c...
compiling message_queue.c...
compiling timer.c...
compiling usr_proc.c...
src\usr_proc.c(135): warning:  #128-D: loop is not reachable
linking...
context_switching.axf: Error: L6218E: Undefined symbol g_i_procs (referred from process.o).
context_switching.axf: Error: L6218E: Undefined symbol set_i_procs (referred from process.o).
Target not created
Build target 'RTX'
compiling i_proc.c...
linking...
Program Size: Code=5636 RO-data=236 RW-data=104 ZI-data=952  
"context_switching.axf" - 0 Error(s), 0 Warning(s).
Rebuild target 'RTX'
assembling startup_LPC17xx.s...
compiling system_LPC17xx.c...
compiling uart_polling.c...
compiling printf.c...
compiling main_svc.c...
compiling uart_irq.c...
compiling HAL.c...
compiling k_rtx_init.c...
compiling heap.c...
compiling memory.c...
compiling process.c...
compiling process_queue.c...
compiling message.c...
compiling message_queue.c...
compiling timer.c...
compiling i_proc.c...
compiling usr_proc.c...
src\usr_proc.c(135): warning:  #128-D: loop is not reachable
linking...
Program Size: Code=5636 RO-data=236 RW-data=104 ZI-data=952  
"context_switching.axf" - 0 Error(s), 1 Warning(s).
Rebuild target 'RTX'
assembling startup_LPC17xx.s...
compiling system_LPC17xx.c...
compiling uart_polling.c...
compiling printf.c...
compiling main_svc.c...
compiling uart_irq.c...
compiling HAL.c...
compiling k_rtx_init.c...
compiling heap.c...
compiling memory.c...
compiling process.c...
compiling process_queue.c...
compiling message.c...
compiling message_queue.c...
compiling timer.c...
compiling i_proc.c...
compiling usr_proc.c...
src\usr_proc.c(135): warning:  #128-D: loop is not reachable
linking...
Program Size: Code=5640 RO-data=236 RW-data=104 ZI-data=952  
"context_switching.axf" - 0 Error(s), 1 Warning(s).
Rebuild target 'RTX'
assembling startup_LPC17xx.s...
compiling system_LPC17xx.c...
compiling uart_polling.c...
compiling printf.c...
compiling main_svc.c...
compiling uart_irq.c...
compiling HAL.c...
compiling k_rtx_init.c...
compiling heap.c...
compiling memory.c...
compiling process.c...
compiling process_queue.c...
compiling message.c...
compiling message_queue.c...
compiling timer.c...
compiling i_proc.c...
compiling usr_proc.c...
src\usr_proc.c(135): warning:  #128-D: loop is not reachable
linking...
Program Size: Code=5640 RO-data=236 RW-data=104 ZI-data=952  
"context_switching.axf" - 0 Error(s), 1 Warning(s).
Rebuild target 'RTX'
assembling startup_LPC17xx.s...
compiling system_LPC17xx.c...
compiling uart_polling.c...
compiling printf.c...
compiling main_svc.c...
compiling uart_irq.c...
compiling HAL.c...
compiling k_rtx_init.c...
compiling heap.c...
compiling memory.c...
compiling process.c...
compiling process_queue.c...
compiling message.c...
compiling message_queue.c...
compiling timer.c...
compiling i_proc.c...
compiling usr_proc.c...
src\usr_proc.c(135): warning:  #128-D: loop is not reachable
linking...
Program Size: Code=5704 RO-data=236 RW-data=112 ZI-data=952  
"context_switching.axf" - 0 Error(s), 1 Warning(s).
Rebuild target 'RTX'
assembling startup_LPC17xx.s...
compiling system_LPC17xx.c...
compiling uart_polling.c...
compiling printf.c...
compiling main_svc.c...
compiling uart_irq.c...
compiling HAL.c...
compiling k_rtx_init.c...
compiling heap.c...
compiling memory.c...
compiling process.c...
src\process.c(198): warning:  #1-D: last line of file ends without a newline
compiling process_queue.c...
compiling message.c...
compiling message_queue.c...
compiling timer.c...
compiling i_proc.c...
compiling usr_proc.c...
src\usr_proc.c(135): warning:  #128-D: loop is not reachable
linking...
Program Size: Code=5716 RO-data=236 RW-data=112 ZI-data=952  
"context_switching.axf" - 0 Error(s), 2 Warning(s).
Rebuild target 'RTX'
assembling startup_LPC17xx.s...
compiling system_LPC17xx.c...
compiling uart_polling.c...
compiling printf.c...
compiling main_svc.c...
compiling uart_irq.c...
compiling HAL.c...
compiling k_rtx_init.c...
compiling heap.c...
compiling memory.c...
compiling process.c...
compiling process_queue.c...
compiling message.c...
compiling message_queue.c...
compiling timer.c...
compiling i_proc.c...
compiling usr_proc.c...
src\usr_proc.c(135): warning:  #128-D: loop is not reachable
linking...
Program Size: Code=5716 RO-data=236 RW-data=112 ZI-data=952  
"context_switching.axf" - 0 Error(s), 1 Warning(s).
Rebuild target 'RTX'
assembling startup_LPC17xx.s...
compiling system_LPC17xx.c...
compiling uart_polling.c...
compiling printf.c...
compiling main_svc.c...
compiling uart_irq.c...
compiling HAL.c...
compiling k_rtx_init.c...
compiling heap.c...
compiling memory.c...
compiling process.c...
compiling process_queue.c...
compiling message.c...
compiling message_queue.c...
compiling timer.c...
compiling i_proc.c...
src\i_proc.c(27): error:  #20: identifier "gp_current_process" is undefined
compiling usr_proc.c...
src\usr_proc.c(135): warning:  #128-D: loop is not reachable
Target not created
Rebuild target 'RTX'
assembling startup_LPC17xx.s...
compiling system_LPC17xx.c...
compiling uart_polling.c...
compiling printf.c...
compiling main_svc.c...
compiling uart_irq.c...
compiling HAL.c...
compiling k_rtx_init.c...
compiling heap.c...
compiling memory.c...
compiling process.c...
compiling process_queue.c...
compiling message.c...
compiling message_queue.c...
compiling timer.c...
compiling i_proc.c...
src\i_proc.h(4): error:  #20: identifier "uint32_t" is undefined
error type>(11): error:  #20: identifier "uint8_t" is undefined
compiling usr_proc.c...
src\usr_proc.c(135): warning:  #128-D: loop is not reachable
Target not created
Rebuild target 'RTX'
assembling startup_LPC17xx.s...
compiling system_LPC17xx.c...
compiling uart_polling.c...
compiling printf.c...
compiling main_svc.c...
compiling uart_irq.c...
compiling HAL.c...
compiling k_rtx_init.c...
compiling heap.c...
compiling memory.c...
compiling process.c...
compiling process_queue.c...
compiling message.c...
compiling message_queue.c...
compiling timer.c...
compiling i_proc.c...
src\i_proc.h(6): error:  #20: identifier "uint32_t" is undefined
error type>(11): error:  #20: identifier "uint8_t" is undefined
compiling usr_proc.c...
src\usr_proc.c(135): warning:  #128-D: loop is not reachable
Target not created
Rebuild target 'RTX'
assembling startup_LPC17xx.s...
compiling system_LPC17xx.c...
compiling uart_polling.c...
compiling printf.c...
compiling main_svc.c...
compiling uart_irq.c...
compiling HAL.c...
compiling k_rtx_init.c...
compiling heap.c...
compiling memory.c...
compiling process.c...
compiling process_queue.c...
compiling message.c...
compiling message_queue.c...
compiling timer.c...
compiling i_proc.c...
src\timer.h(9): error:  #20: identifier "uint32_t" is undefined
src\timer.h(9): error:  #20: identifier "uint8_t" is undefined
src\i_proc.h(7): error:  #20: identifier "uint32_t" is undefined
error type>(11): error:  #20: identifier "uint8_t" is undefined
compiling usr_proc.c...
src\usr_proc.c(135): warning:  #128-D: loop is not reachable
Target not created
Rebuild target 'RTX'
assembling startup_LPC17xx.s...
compiling system_LPC17xx.c...
compiling uart_polling.c...
compiling printf.c...
compiling main_svc.c...
compiling uart_irq.c...
compiling HAL.c...
compiling k_rtx_init.c...
compiling heap.c...
compiling memory.c...
compiling process.c...
compiling process_queue.c...
compiling message.c...
compiling message_queue.c...
compiling timer.c...
compiling i_proc.c...
compiling usr_proc.c...
src\usr_proc.c(135): warning:  #128-D: loop is not reachable
linking...
Program Size: Code=5736 RO-data=236 RW-data=112 ZI-data=952  
"context_switching.axf" - 0 Error(s), 1 Warning(s).
Rebuild target 'RTX'
assembling startup_LPC17xx.s...
compiling system_LPC17xx.c...
compiling uart_polling.c...
compiling printf.c...
compiling main_svc.c...
compiling uart_irq.c...
compiling HAL.c...
compiling k_rtx_init.c...
compiling heap.c...
compiling memory.c...
compiling process.c...
src\process.c(198): warning:  #940-D: missing return statement at end of non-void function "i_process_switch"
src\process.c(206): warning:  #1-D: last line of file ends without a newline
compiling process_queue.c...
compiling message.c...
compiling message_queue.c...
compiling timer.c...
compiling i_proc.c...
src\i_proc.c(31): warning:  #223-D: function "i_process_switch" declared implicitly
compiling usr_proc.c...
src\usr_proc.c(135): warning:  #128-D: loop is not reachable
linking...
Program Size: Code=5776 RO-data=236 RW-data=112 ZI-data=952  
"context_switching.axf" - 0 Error(s), 4 Warning(s).
Rebuild target 'RTX'
assembling startup_LPC17xx.s...
compiling system_LPC17xx.c...
compiling uart_polling.c...
compiling printf.c...
compiling main_svc.c...
compiling uart_irq.c...
compiling HAL.c...
compiling k_rtx_init.c...
compiling heap.c...
compiling memory.c...
compiling process.c...
compiling process_queue.c...
compiling message.c...
compiling message_queue.c...
compiling timer.c...
compiling i_proc.c...
compiling usr_proc.c...
src\usr_proc.c(135): warning:  #128-D: loop is not reachable
linking...
Program Size: Code=5776 RO-data=236 RW-data=112 ZI-data=952  
"context_switching.axf" - 0 Error(s), 1 Warning(s).
Rebuild target 'RTX'
assembling startup_LPC17xx.s...
compiling system_LPC17xx.c...
compiling uart_polling.c...
compiling printf.c...
compiling main_svc.c...
compiling uart_irq.c...
compiling HAL.c...
compiling k_rtx_init.c...
compiling heap.c...
compiling memory.c...
compiling process.c...
compiling process_queue.c...
compiling message.c...
compiling message_queue.c...
compiling timer.c...
compiling i_proc.c...
compiling usr_proc.c...
src\usr_proc.c(135): warning:  #128-D: loop is not reachable
linking...
Program Size: Code=5776 RO-data=236 RW-data=112 ZI-data=952  
"context_switching.axf" - 0 Error(s), 1 Warning(s).
Rebuild target 'RTX'
assembling startup_LPC17xx.s...
compiling system_LPC17xx.c...
compiling uart_polling.c...
compiling printf.c...
compiling main_svc.c...
compiling uart_irq.c...
compiling HAL.c...
compiling k_rtx_init.c...
compiling heap.c...
compiling memory.c...
compiling process.c...
compiling process_queue.c...
compiling message.c...
compiling message_queue.c...
compiling timer.c...
compiling i_proc.c...
compiling usr_proc.c...
src\usr_proc.c(135): warning:  #128-D: loop is not reachable
linking...
Program Size: Code=5776 RO-data=236 RW-data=112 ZI-data=952  
"context_switching.axf" - 0 Error(s), 1 Warning(s).
Rebuild target 'RTX'
assembling startup_LPC17xx.s...
compiling system_LPC17xx.c...
compiling uart_polling.c...
compiling printf.c...
compiling main_svc.c...
compiling uart_irq.c...
compiling HAL.c...
compiling k_rtx_init.c...
compiling heap.c...
compiling memory.c...
compiling process.c...
compiling process_queue.c...
compiling message.c...
compiling message_queue.c...
compiling timer.c...
compiling i_proc.c...
compiling usr_proc.c...
src\usr_proc.c(135): warning:  #128-D: loop is not reachable
linking...
Program Size: Code=5776 RO-data=236 RW-data=112 ZI-data=952  
"context_switching.axf" - 0 Error(s), 1 Warning(s).
Rebuild target 'RTX'
assembling startup_LPC17xx.s...
compiling system_LPC17xx.c...
compiling uart_polling.c...
compiling printf.c...
compiling main_svc.c...
compiling uart_irq.c...
compiling HAL.c...
compiling k_rtx_init.c...
compiling heap.c...
compiling memory.c...
compiling process.c...
compiling process_queue.c...
compiling message.c...
compiling message_queue.c...
compiling timer.c...
compiling i_proc.c...
compiling usr_proc.c...
src\usr_proc.c(135): warning:  #128-D: loop is not reachable
linking...
Program Size: Code=5784 RO-data=236 RW-data=112 ZI-data=952  
"context_switching.axf" - 0 Error(s), 1 Warning(s).
Rebuild target 'RTX'
assembling startup_LPC17xx.s...
compiling system_LPC17xx.c...
compiling uart_polling.c...
compiling printf.c...
compiling main_svc.c...
compiling uart_irq.c...
compiling HAL.c...
compiling k_rtx_init.c...
compiling heap.c...
compiling memory.c...
compiling process.c...
compiling process_queue.c...
compiling message.c...
compiling message_queue.c...
compiling timer.c...
compiling i_proc.c...
compiling usr_proc.c...
src\usr_proc.c(135): warning:  #128-D: loop is not reachable
linking...
Program Size: Code=5764 RO-data=236 RW-data=116 ZI-data=948  
"context_switching.axf" - 0 Error(s), 1 Warning(s).
Rebuild target 'RTX'
assembling startup_LPC17xx.s...
compiling system_LPC17xx.c...
compiling uart_polling.c...
compiling printf.c...
compiling main_svc.c...
compiling uart_irq.c...
compiling HAL.c...
compiling k_rtx_init.c...
compiling heap.c...
compiling memory.c...
compiling process.c...
compiling process_queue.c...
compiling message.c...
compiling message_queue.c...
compiling timer.c...
compiling i_proc.c...
compiling usr_proc.c...
src\usr_proc.c(135): warning:  #128-D: loop is not reachable
linking...
Program Size: Code=5760 RO-data=236 RW-data=116 ZI-data=948  
"context_switching.axf" - 0 Error(s), 1 Warning(s).
Rebuild target 'RTX'
assembling startup_LPC17xx.s...
compiling system_LPC17xx.c...
compiling uart_polling.c...
compiling printf.c...
compiling main_svc.c...
compiling uart_irq.c...
compiling HAL.c...
compiling k_rtx_init.c...
compiling heap.c...
compiling memory.c...
compiling process.c...
compiling process_queue.c...
compiling message.c...
compiling message_queue.c...
compiling timer.c...
compiling i_proc.c...
compiling usr_proc.c...
src\usr_proc.c(135): warning:  #128-D: loop is not reachable
linking...
Program Size: Code=5768 RO-data=236 RW-data=116 ZI-data=948  
"context_switching.axf" - 0 Error(s), 1 Warning(s).
Rebuild target 'RTX'
assembling startup_LPC17xx.s...
compiling system_LPC17xx.c...
compiling uart_polling.c...
compiling printf.c...
compiling main_svc.c...
compiling uart_irq.c...
compiling HAL.c...
compiling k_rtx_init.c...
compiling heap.c...
compiling memory.c...
compiling process.c...
compiling process_queue.c...
compiling message.c...
compiling message_queue.c...
compiling timer.c...
compiling i_proc.c...
compiling usr_proc.c...
src\usr_proc.c(135): warning:  #128-D: loop is not reachable
linking...
Program Size: Code=5768 RO-data=236 RW-data=116 ZI-data=948  
"context_switching.axf" - 0 Error(s), 1 Warning(s).
