ARM Linker, 5.02 [Build 28] [MDK-ARM Lite]

==============================================================================

Section Cross References

    startup_lpc17xx.o(STACK) refers (Special) to heapauxi.o(.text) for __use_two_region_memory
    startup_lpc17xx.o(HEAP) refers (Special) to heapauxi.o(.text) for __use_two_region_memory
    startup_lpc17xx.o(RESET) refers (Special) to heapauxi.o(.text) for __use_two_region_memory
    startup_lpc17xx.o(RESET) refers to startup_lpc17xx.o(STACK) for __initial_sp
    startup_lpc17xx.o(RESET) refers to startup_lpc17xx.o(.text) for Reset_Handler
    startup_lpc17xx.o(RESET) refers to hal.o(.emb_text) for SVC_Handler
    startup_lpc17xx.o(RESET) refers to timer.o(.emb_text) for TIMER0_IRQHandler
    startup_lpc17xx.o(RESET) refers to uart_irq.o(.emb_text) for UART0_IRQHandler
    startup_lpc17xx.o(.text) refers (Special) to heapauxi.o(.text) for __use_two_region_memory
    startup_lpc17xx.o(.text) refers to __main.o(!!!main) for __main
    startup_lpc17xx.o(.text) refers to startup_lpc17xx.o(HEAP) for Heap_Mem
    startup_lpc17xx.o(.text) refers to startup_lpc17xx.o(STACK) for Stack_Mem
    system_lpc17xx.o(.text) refers to system_lpc17xx.o(.data) for SystemFrequency
    printf.o(.text) refers to printf.o(.data) for stdout_putf
    main_svc.o(.text) refers to system_lpc17xx.o(.text) for SystemInit
    main_svc.o(.text) refers to printf.o(.text) for init_printf
    main_svc.o(.text) refers to uart_polling.o(.text) for putc
    main_svc.o(.text) refers to k_rtx_init.o(.text) for k_rtx_init
    uart_irq.o(.emb_text) refers to uart_irq.o(.text) for c_UART0_IRQHandler
    uart_irq.o(.text) refers to process.o(.text) for run_i_uart
    uart_irq.o(.text) refers to uart_irq.o(.data) for g_char_in
    k_rtx_init.o(.text) refers to memory.o(.text) for memory_init
    k_rtx_init.o(.text) refers to process.o(.text) for process_init
    k_rtx_init.o(.text) refers to timer.o(.text) for timer_init
    k_rtx_init.o(.text) refers to uart_irq.o(.text) for uart_irq_init
    k_rtx_init.o(.text) refers to uart_polling.o(.text) for uart_init
    memory.o(.text) refers to heap.o(.text) for heap_push
    memory.o(.text) refers to process.o(.text) for k_release_processor
    memory.o(.text) refers to process_queue.o(.text) for process_peek_block
    memory.o(.text) refers to process.o(.data) for gp_pcbs
    memory.o(.text) refers to message.o(.data) for gp_timeout_queue
    memory.o(.text) refers to s_proc.o(.data) for gp_input_buffer
    memory.o(.text) refers to memory.o(.data) for gp_stack
    process.o(.text) refers to hal.o(.emb_text) for __rte
    process.o(.text) refers to process_queue.o(.text) for process_peek_ready
    process.o(.text) refers to usr_proc.o(.text) for set_test_procs
    process.o(.text) refers to u_proc.o(.text) for set_u_procs
    process.o(.text) refers to s_proc.o(.text) for set_s_procs
    process.o(.text) refers to i_proc.o(.text) for set_i_procs
    process.o(.text) refers to memory.o(.text) for alloc_stack
    process.o(.text) refers to process.o(.data) for gp_current_process
    process.o(.text) refers to process.o(.bss) for g_proc_table
    process.o(.text) refers to usr_proc.o(.bss) for g_test_procs
    process.o(.text) refers to u_proc.o(.bss) for g_u_procs
    process.o(.text) refers to s_proc.o(.bss) for g_s_procs
    process.o(.text) refers to i_proc.o(.bss) for g_i_procs
    process_queue.o(.text) refers to printf.o(.text) for tfp_printf
    i_proc.o(.text) refers to uart_polling.o(.text) for uart_put_string
    i_proc.o(.text) refers to printf.o(.text) for tfp_printf
    i_proc.o(.text) refers to process_queue.o(.text) for process_print_ready
    i_proc.o(.text) refers to memory.o(.text) for i_request_memory_block
    i_proc.o(.text) refers to message.o(.text) for i_send_message
    i_proc.o(.text) refers to uart_irq.o(.data) for g_char_in
    i_proc.o(.text) refers to process.o(.data) for gp_pcb_queue
    i_proc.o(.text) refers to process.o(.text) for k_release_processor
    i_proc.o(.text) refers to timer.o(.data) for g_timer_count
    i_proc.o(.text) refers to i_proc.o(.data) for sec
    i_proc.o(.text) refers to message.o(.data) for gp_timeout_queue
    i_proc.o(.text) refers to i_proc.o(.bss) for g_i_procs
    message.o(.text) refers to process_queue.o(.text) for process_find
    message.o(.text) refers to message_queue.o(.text) for message_queue_enqueue
    message.o(.text) refers to process.o(.text) for k_release_processor
    message.o(.text) refers to process.o(.data) for gp_pcb_queue
    message.o(.text) refers to message.o(.data) for gp_timeout_queue
    timer.o(.emb_text) refers to timer.o(.text) for c_TIMER0_IRQHandler
    timer.o(.text) refers to process.o(.text) for run_i_timer
    timer.o(.text) refers to timer.o(.data) for g_timer_count
    s_proc.o(.text) refers to s_proc.o(.data) for input_buffer_index
    s_proc.o(.text) refers to message.o(.text) for k_receive_message
    s_proc.o(.text) refers to memory.o(.text) for k_release_memory_block
    s_proc.o(.text) refers to process.o(.text) for k_release_processor
    s_proc.o(.text) refers to s_proc.o(.bss) for g_s_procs
    usr_proc.o(.text) refers to uart_polling.o(.text) for uart_put_string
    usr_proc.o(.text) refers to usr_proc.o(.data) for test_num
    usr_proc.o(.text) refers to process.o(.text) for k_release_processor
    usr_proc.o(.text) refers to memory.o(.text) for k_request_memory_block
    usr_proc.o(.text) refers to message.o(.text) for k_delayed_send
    usr_proc.o(.text) refers to usr_proc.o(.bss) for g_test_procs
    u_proc.o(.text) refers to memory.o(.text) for k_request_memory_block
    u_proc.o(.text) refers to message.o(.text) for k_send_message
    u_proc.o(.text) refers to process.o(.text) for k_release_processor
    u_proc.o(.text) refers to u_proc.o(.bss) for g_u_procs
    __main.o(!!!main) refers to rtentry.o(.ARM.Collect$$rtentry$$00000000) for __rt_entry
    rtentry.o(.ARM.Collect$$rtentry$$00000000) refers (Special) to rtentry2.o(.ARM.Collect$$rtentry$$0000000A) for __rt_entry_li
    rtentry.o(.ARM.Collect$$rtentry$$00000000) refers (Special) to rtentry2.o(.ARM.Collect$$rtentry$$0000000D) for __rt_entry_main
    rtentry.o(.ARM.Collect$$rtentry$$00000000) refers (Special) to rtentry2.o(.ARM.Collect$$rtentry$$0000000C) for __rt_entry_postli_1
    rtentry.o(.ARM.Collect$$rtentry$$00000000) refers (Special) to rtentry2.o(.ARM.Collect$$rtentry$$00000009) for __rt_entry_postsh_1
    rtentry.o(.ARM.Collect$$rtentry$$00000000) refers (Special) to rtentry2.o(.ARM.Collect$$rtentry$$00000002) for __rt_entry_presh_1
    rtentry.o(.ARM.Collect$$rtentry$$00000000) refers (Special) to rtentry4.o(.ARM.Collect$$rtentry$$00000004) for __rt_entry_sh
    rtentry2.o(.ARM.Collect$$rtentry$$00000008) refers to boardinit2.o(.text) for _platform_post_stackheap_init
    rtentry2.o(.ARM.Collect$$rtentry$$0000000A) refers to libinit.o(.ARM.Collect$$libinit$$00000000) for __rt_lib_init
    rtentry2.o(.ARM.Collect$$rtentry$$0000000B) refers to boardinit3.o(.text) for _platform_post_lib_init
    rtentry2.o(.ARM.Collect$$rtentry$$0000000D) refers to main_svc.o(.text) for main
    rtentry2.o(.ARM.Collect$$rtentry$$0000000D) refers to exit.o(.text) for exit
    rtentry2.o(.ARM.exidx) refers to rtentry2.o(.ARM.Collect$$rtentry$$00000001) for .ARM.Collect$$rtentry$$00000001
    rtentry2.o(.ARM.exidx) refers to rtentry2.o(.ARM.Collect$$rtentry$$00000008) for .ARM.Collect$$rtentry$$00000008
    rtentry2.o(.ARM.exidx) refers to rtentry2.o(.ARM.Collect$$rtentry$$0000000A) for .ARM.Collect$$rtentry$$0000000A
    rtentry2.o(.ARM.exidx) refers to rtentry2.o(.ARM.Collect$$rtentry$$0000000B) for .ARM.Collect$$rtentry$$0000000B
    rtentry2.o(.ARM.exidx) refers to rtentry2.o(.ARM.Collect$$rtentry$$0000000D) for .ARM.Collect$$rtentry$$0000000D
    rtentry4.o(.ARM.Collect$$rtentry$$00000004) refers to sys_stackheap_outer.o(.text) for __user_setup_stackheap
    rtentry4.o(.ARM.exidx) refers to rtentry4.o(.ARM.Collect$$rtentry$$00000004) for .ARM.Collect$$rtentry$$00000004
    sys_stackheap_outer.o(.text) refers to libspace.o(.text) for __user_perproc_libspace
    sys_stackheap_outer.o(.text) refers to startup_lpc17xx.o(.text) for __user_initial_stackheap
    exit.o(.text) refers to rtexit.o(.ARM.Collect$$rtexit$$00000000) for __rt_exit
    libinit.o(.ARM.Collect$$libinit$$00000000) refers (Special) to libinit2.o(.ARM.Collect$$libinit$$0000002C) for __rt_lib_init_alloca_1
    libinit.o(.ARM.Collect$$libinit$$00000000) refers (Special) to libinit2.o(.ARM.Collect$$libinit$$0000002A) for __rt_lib_init_argv_1
    libinit.o(.ARM.Collect$$libinit$$00000000) refers (Special) to libinit2.o(.ARM.Collect$$libinit$$00000019) for __rt_lib_init_atexit_1
    libinit.o(.ARM.Collect$$libinit$$00000000) refers (Special) to libinit2.o(.ARM.Collect$$libinit$$0000001F) for __rt_lib_init_clock_1
    libinit.o(.ARM.Collect$$libinit$$00000000) refers (Special) to libinit2.o(.ARM.Collect$$libinit$$00000030) for __rt_lib_init_cpp_1
    libinit.o(.ARM.Collect$$libinit$$00000000) refers (Special) to libinit2.o(.ARM.Collect$$libinit$$0000002E) for __rt_lib_init_exceptions_1
    libinit.o(.ARM.Collect$$libinit$$00000000) refers (Special) to libinit2.o(.ARM.Collect$$libinit$$00000002) for __rt_lib_init_fp_1
    libinit.o(.ARM.Collect$$libinit$$00000000) refers (Special) to libinit2.o(.ARM.Collect$$libinit$$0000001D) for __rt_lib_init_fp_trap_1
    libinit.o(.ARM.Collect$$libinit$$00000000) refers (Special) to libinit2.o(.ARM.Collect$$libinit$$00000021) for __rt_lib_init_getenv_1
    libinit.o(.ARM.Collect$$libinit$$00000000) refers (Special) to libinit2.o(.ARM.Collect$$libinit$$00000008) for __rt_lib_init_heap_1
    libinit.o(.ARM.Collect$$libinit$$00000000) refers (Special) to libinit2.o(.ARM.Collect$$libinit$$0000000F) for __rt_lib_init_lc_collate_1
    libinit.o(.ARM.Collect$$libinit$$00000000) refers (Special) to libinit2.o(.ARM.Collect$$libinit$$00000011) for __rt_lib_init_lc_ctype_1
    libinit.o(.ARM.Collect$$libinit$$00000000) refers (Special) to libinit2.o(.ARM.Collect$$libinit$$00000013) for __rt_lib_init_lc_monetary_1
    libinit.o(.ARM.Collect$$libinit$$00000000) refers (Special) to libinit2.o(.ARM.Collect$$libinit$$00000015) for __rt_lib_init_lc_numeric_1
    libinit.o(.ARM.Collect$$libinit$$00000000) refers (Special) to libinit2.o(.ARM.Collect$$libinit$$00000017) for __rt_lib_init_lc_time_1
    libinit.o(.ARM.Collect$$libinit$$00000000) refers (Special) to libinit2.o(.ARM.Collect$$libinit$$0000000C) for __rt_lib_init_rand_1
    libinit.o(.ARM.Collect$$libinit$$00000000) refers (Special) to libinit2.o(.ARM.Collect$$libinit$$00000031) for __rt_lib_init_return
    libinit.o(.ARM.Collect$$libinit$$00000000) refers (Special) to libinit2.o(.ARM.Collect$$libinit$$0000001B) for __rt_lib_init_signal_1
    libinit.o(.ARM.Collect$$libinit$$00000000) refers (Special) to libinit2.o(.ARM.Collect$$libinit$$00000023) for __rt_lib_init_stdio_1
    libinit.o(.ARM.Collect$$libinit$$00000000) refers (Special) to libinit2.o(.ARM.Collect$$libinit$$0000000A) for __rt_lib_init_user_alloc_1
    libspace.o(.text) refers to libspace.o(.bss) for __libspace_start
    rtexit.o(.ARM.Collect$$rtexit$$00000000) refers (Special) to rtexit2.o(.ARM.Collect$$rtexit$$00000004) for __rt_exit_exit
    rtexit.o(.ARM.Collect$$rtexit$$00000000) refers (Special) to rtexit2.o(.ARM.Collect$$rtexit$$00000003) for __rt_exit_ls
    rtexit.o(.ARM.Collect$$rtexit$$00000000) refers (Special) to rtexit2.o(.ARM.Collect$$rtexit$$00000002) for __rt_exit_prels_1
    rtexit.o(.ARM.exidx) refers (Special) to rtexit2.o(.ARM.Collect$$rtexit$$00000004) for __rt_exit_exit
    rtexit.o(.ARM.exidx) refers (Special) to rtexit2.o(.ARM.Collect$$rtexit$$00000003) for __rt_exit_ls
    rtexit.o(.ARM.exidx) refers (Special) to rtexit2.o(.ARM.Collect$$rtexit$$00000002) for __rt_exit_prels_1
    rtexit.o(.ARM.exidx) refers to rtexit.o(.ARM.Collect$$rtexit$$00000000) for .ARM.Collect$$rtexit$$00000000
    libinit2.o(.ARM.Collect$$libinit$$0000000E) refers to libinit2.o(.ARM.Collect$$libinit$$0000000D) for .ARM.Collect$$libinit$$0000000D
    libinit2.o(.ARM.Collect$$libinit$$00000010) refers to libinit2.o(.ARM.Collect$$libinit$$0000000D) for .ARM.Collect$$libinit$$0000000D
    libinit2.o(.ARM.Collect$$libinit$$00000012) refers to libinit2.o(.ARM.Collect$$libinit$$0000000D) for .ARM.Collect$$libinit$$0000000D
    libinit2.o(.ARM.Collect$$libinit$$00000014) refers to libinit2.o(.ARM.Collect$$libinit$$0000000D) for .ARM.Collect$$libinit$$0000000D
    libinit2.o(.ARM.Collect$$libinit$$00000016) refers to libinit2.o(.ARM.Collect$$libinit$$0000000D) for .ARM.Collect$$libinit$$0000000D
    libinit2.o(.ARM.Collect$$libinit$$00000024) refers to argv_veneer.o(.emb_text) for __ARM_argv_veneer
    libinit2.o(.ARM.Collect$$libinit$$00000025) refers to argv_veneer.o(.emb_text) for __ARM_argv_veneer
    rtexit2.o(.ARM.Collect$$rtexit$$00000003) refers to libshutdown.o(.ARM.Collect$$libshutdown$$00000000) for __rt_lib_shutdown
    rtexit2.o(.ARM.Collect$$rtexit$$00000004) refers to sys_exit.o(.text) for _sys_exit
    rtexit2.o(.ARM.exidx) refers to rtexit2.o(.ARM.Collect$$rtexit$$00000001) for .ARM.Collect$$rtexit$$00000001
    rtexit2.o(.ARM.exidx) refers to rtexit2.o(.ARM.Collect$$rtexit$$00000003) for .ARM.Collect$$rtexit$$00000003
    rtexit2.o(.ARM.exidx) refers to rtexit2.o(.ARM.Collect$$rtexit$$00000004) for .ARM.Collect$$rtexit$$00000004
    argv_veneer.o(.emb_text) refers to no_argv.o(.text) for __ARM_get_argv
    sys_exit.o(.text) refers (Special) to use_no_semi.o(.text) for __I$use$semihosting
    sys_exit.o(.text) refers (Special) to indicate_semi.o(.text) for __semihosting_library_function
    _get_argv_nomalloc.o(.text) refers (Special) to hrguard.o(.text) for __heap_region$guard
    _get_argv_nomalloc.o(.text) refers to defsig_rtmem_outer.o(.text) for __rt_SIGRTMEM
    _get_argv_nomalloc.o(.text) refers to sys_command.o(.text) for _sys_command_string
    libshutdown.o(.ARM.Collect$$libshutdown$$00000000) refers (Special) to libshutdown2.o(.ARM.Collect$$libshutdown$$00000006) for __rt_lib_shutdown_fp_trap_1
    libshutdown.o(.ARM.Collect$$libshutdown$$00000000) refers (Special) to libshutdown2.o(.ARM.Collect$$libshutdown$$0000000E) for __rt_lib_shutdown_heap_1
    libshutdown.o(.ARM.Collect$$libshutdown$$00000000) refers (Special) to libshutdown2.o(.ARM.Collect$$libshutdown$$0000000F) for __rt_lib_shutdown_return
    libshutdown.o(.ARM.Collect$$libshutdown$$00000000) refers (Special) to libshutdown2.o(.ARM.Collect$$libshutdown$$00000009) for __rt_lib_shutdown_signal_1
    libshutdown.o(.ARM.Collect$$libshutdown$$00000000) refers (Special) to libshutdown2.o(.ARM.Collect$$libshutdown$$00000003) for __rt_lib_shutdown_stdio_1
    libshutdown.o(.ARM.Collect$$libshutdown$$00000000) refers (Special) to libshutdown2.o(.ARM.Collect$$libshutdown$$0000000B) for __rt_lib_shutdown_user_alloc_1
    sys_command.o(.text) refers (Special) to use_no_semi.o(.text) for __I$use$semihosting
    sys_command.o(.text) refers (Special) to indicate_semi.o(.text) for __semihosting_library_function
    defsig_rtmem_outer.o(.text) refers to defsig_rtmem_inner.o(.text) for __rt_SIGRTMEM_inner
    defsig_rtmem_outer.o(.text) refers to defsig_exit.o(.text) for __sig_exit
    defsig_rtmem_formal.o(.text) refers to rt_raise.o(.text) for __rt_raise
    rt_raise.o(.text) refers to __raise.o(.text) for __raise
    rt_raise.o(.text) refers to sys_exit.o(.text) for _sys_exit
    defsig_exit.o(.text) refers to sys_exit.o(.text) for _sys_exit
    defsig_rtmem_inner.o(.text) refers to defsig_general.o(.text) for __default_signal_display
    __raise.o(.text) refers to defsig.o(CL$$defsig) for __default_signal_handler
    defsig_general.o(.text) refers to sys_wrch.o(.text) for _ttywrch
    sys_wrch.o(.text) refers (Special) to use_no_semi.o(.text) for __I$use$semihosting
    sys_wrch.o(.text) refers (Special) to indicate_semi.o(.text) for __semihosting_library_function
    defsig.o(CL$$defsig) refers to defsig_rtmem_inner.o(.text) for __rt_SIGRTMEM_inner
    defsig_abrt_inner.o(.text) refers to defsig_general.o(.text) for __default_signal_display
    defsig_fpe_inner.o(.text) refers to defsig_general.o(.text) for __default_signal_display
    defsig_rtred_inner.o(.text) refers to defsig_general.o(.text) for __default_signal_display
    defsig_stak_inner.o(.text) refers to defsig_general.o(.text) for __default_signal_display
    defsig_pvfn_inner.o(.text) refers to defsig_general.o(.text) for __default_signal_display
    defsig_cppl_inner.o(.text) refers to defsig_general.o(.text) for __default_signal_display
    defsig_segv_inner.o(.text) refers to defsig_general.o(.text) for __default_signal_display
    defsig_other.o(.text) refers to defsig_general.o(.text) for __default_signal_display


==============================================================================

Removing Unused input sections from the image.

    Removing system_lpc17xx.o(.rev16_text), (4 bytes).
    Removing system_lpc17xx.o(.revsh_text), (4 bytes).
    Removing uart_polling.o(.rev16_text), (4 bytes).
    Removing uart_polling.o(.revsh_text), (4 bytes).
    Removing main_svc.o(.rev16_text), (4 bytes).
    Removing main_svc.o(.revsh_text), (4 bytes).
    Removing uart_irq.o(.rev16_text), (4 bytes).
    Removing uart_irq.o(.revsh_text), (4 bytes).
    Removing process.o(.rev16_text), (4 bytes).
    Removing process.o(.revsh_text), (4 bytes).
    Removing i_proc.o(.rev16_text), (4 bytes).
    Removing i_proc.o(.revsh_text), (4 bytes).
    Removing timer.o(.rev16_text), (4 bytes).
    Removing timer.o(.revsh_text), (4 bytes).

14 unused section(s) (total 56 bytes) removed from the image.

==============================================================================

Image Symbol Table

    Local Symbols

    Symbol Name                              Value     Ov Type        Size  Object(Section)

    RESET                                    0x00000000   Section      204  startup_lpc17xx.o(RESET)
    ../clib/angel/boardlib.s                 0x00000000   Number         0  boardinit1.o ABSOLUTE
    ../clib/angel/boardlib.s                 0x00000000   Number         0  boardinit3.o ABSOLUTE
    ../clib/angel/boardlib.s                 0x00000000   Number         0  boardshut.o ABSOLUTE
    ../clib/angel/boardlib.s                 0x00000000   Number         0  boardinit2.o ABSOLUTE
    ../clib/angel/handlers.s                 0x00000000   Number         0  __scatter_zi.o ABSOLUTE
    ../clib/angel/handlers.s                 0x00000000   Number         0  __scatter_copy.o ABSOLUTE
    ../clib/angel/kernel.s                   0x00000000   Number         0  rtentry2.o ABSOLUTE
    ../clib/angel/kernel.s                   0x00000000   Number         0  rtentry4.o ABSOLUTE
    ../clib/angel/kernel.s                   0x00000000   Number         0  rtexit2.o ABSOLUTE
    ../clib/angel/kernel.s                   0x00000000   Number         0  rtexit.o ABSOLUTE
    ../clib/angel/kernel.s                   0x00000000   Number         0  rtentry.o ABSOLUTE
    ../clib/angel/rt.s                       0x00000000   Number         0  rt_raise.o ABSOLUTE
    ../clib/angel/scatter.s                  0x00000000   Number         0  __scatter.o ABSOLUTE
    ../clib/angel/startup.s                  0x00000000   Number         0  __main.o ABSOLUTE
    ../clib/angel/sys.s                      0x00000000   Number         0  sys_stackheap_outer.o ABSOLUTE
    ../clib/angel/sys.s                      0x00000000   Number         0  libspace.o ABSOLUTE
    ../clib/angel/sys.s                      0x00000000   Number         0  indicate_semi.o ABSOLUTE
    ../clib/angel/sys.s                      0x00000000   Number         0  use_no_semi.o ABSOLUTE
    ../clib/angel/sysapp.c                   0x00000000   Number         0  sys_exit.o ABSOLUTE
    ../clib/angel/sysapp.c                   0x00000000   Number         0  sys_wrch.o ABSOLUTE
    ../clib/angel/sysapp.c                   0x00000000   Number         0  sys_command.o ABSOLUTE
    ../clib/armsys.c                         0x00000000   Number         0  argv_veneer.o ABSOLUTE
    ../clib/armsys.c                         0x00000000   Number         0  argv_veneer.o ABSOLUTE
    ../clib/armsys.c                         0x00000000   Number         0  _get_argv_nomalloc.o ABSOLUTE
    ../clib/armsys.c                         0x00000000   Number         0  no_argv.o ABSOLUTE
    ../clib/heapalloc.c                      0x00000000   Number         0  hrguard.o ABSOLUTE
    ../clib/heapaux.c                        0x00000000   Number         0  heapauxi.o ABSOLUTE
    ../clib/libinit.s                        0x00000000   Number         0  libshutdown2.o ABSOLUTE
    ../clib/libinit.s                        0x00000000   Number         0  libshutdown.o ABSOLUTE
    ../clib/libinit.s                        0x00000000   Number         0  libinit2.o ABSOLUTE
    ../clib/libinit.s                        0x00000000   Number         0  libinit.o ABSOLUTE
    ../clib/signal.c                         0x00000000   Number         0  __raise.o ABSOLUTE
    ../clib/signal.c                         0x00000000   Number         0  defsig_rtmem_inner.o ABSOLUTE
    ../clib/signal.c                         0x00000000   Number         0  defsig_exit.o ABSOLUTE
    ../clib/signal.c                         0x00000000   Number         0  defsig_pvfn_inner.o ABSOLUTE
    ../clib/signal.c                         0x00000000   Number         0  defsig_cppl_inner.o ABSOLUTE
    ../clib/signal.c                         0x00000000   Number         0  defsig_segv_inner.o ABSOLUTE
    ../clib/signal.c                         0x00000000   Number         0  defsig_rtmem_outer.o ABSOLUTE
    ../clib/signal.c                         0x00000000   Number         0  defsig_rtmem_formal.o ABSOLUTE
    ../clib/signal.c                         0x00000000   Number         0  defsig_other.o ABSOLUTE
    ../clib/signal.c                         0x00000000   Number         0  defsig_abrt_inner.o ABSOLUTE
    ../clib/signal.c                         0x00000000   Number         0  defsig_stak_inner.o ABSOLUTE
    ../clib/signal.c                         0x00000000   Number         0  defsig_fpe_inner.o ABSOLUTE
    ../clib/signal.c                         0x00000000   Number         0  defsig_general.o ABSOLUTE
    ../clib/signal.c                         0x00000000   Number         0  defsig_rtred_inner.o ABSOLUTE
    ../clib/signal.s                         0x00000000   Number         0  defsig.o ABSOLUTE
    ../clib/stdlib.c                         0x00000000   Number         0  exit.o ABSOLUTE
    ../fplib/fpinit.s                        0x00000000   Number         0  fpinit.o ABSOLUTE
    dc.s                                     0x00000000   Number         0  dc.o ABSOLUTE
    src\HAL.c                                0x00000000   Number         0  hal.o ABSOLUTE
    src\\HAL.c                               0x00000000   Number         0  hal.o ABSOLUTE
    src\\i_proc.c                            0x00000000   Number         0  i_proc.o ABSOLUTE
    src\\main_svc.c                          0x00000000   Number         0  main_svc.o ABSOLUTE
    src\\process.c                           0x00000000   Number         0  process.o ABSOLUTE
    src\\system_LPC17xx.c                    0x00000000   Number         0  system_lpc17xx.o ABSOLUTE
    src\\timer.c                             0x00000000   Number         0  timer.o ABSOLUTE
    src\\uart_irq.c                          0x00000000   Number         0  uart_irq.o ABSOLUTE
    src\\uart_polling.c                      0x00000000   Number         0  uart_polling.o ABSOLUTE
    src\heap.c                               0x00000000   Number         0  heap.o ABSOLUTE
    src\i_proc.c                             0x00000000   Number         0  i_proc.o ABSOLUTE
    src\k_rtx_init.c                         0x00000000   Number         0  k_rtx_init.o ABSOLUTE
    src\main_svc.c                           0x00000000   Number         0  main_svc.o ABSOLUTE
    src\memory.c                             0x00000000   Number         0  memory.o ABSOLUTE
    src\message.c                            0x00000000   Number         0  message.o ABSOLUTE
    src\message_queue.c                      0x00000000   Number         0  message_queue.o ABSOLUTE
    src\printf.c                             0x00000000   Number         0  printf.o ABSOLUTE
    src\process.c                            0x00000000   Number         0  process.o ABSOLUTE
    src\process_queue.c                      0x00000000   Number         0  process_queue.o ABSOLUTE
    src\s_proc.c                             0x00000000   Number         0  s_proc.o ABSOLUTE
    src\startup_LPC17xx.s                    0x00000000   Number         0  startup_lpc17xx.o ABSOLUTE
    src\system_LPC17xx.c                     0x00000000   Number         0  system_lpc17xx.o ABSOLUTE
    src\timer.c                              0x00000000   Number         0  timer.o ABSOLUTE
    src\u_proc.c                             0x00000000   Number         0  u_proc.o ABSOLUTE
    src\uart_irq.c                           0x00000000   Number         0  uart_irq.o ABSOLUTE
    src\uart_polling.c                       0x00000000   Number         0  uart_polling.o ABSOLUTE
    src\usr_proc.c                           0x00000000   Number         0  usr_proc.o ABSOLUTE
    !!!main                                  0x000000cc   Section        8  __main.o(!!!main)
    !!!scatter                               0x000000d4   Section       52  __scatter.o(!!!scatter)
    !!handler_copy                           0x00000108   Section       26  __scatter_copy.o(!!handler_copy)
    !!handler_zi                             0x00000124   Section       28  __scatter_zi.o(!!handler_zi)
    .ARM.Collect$$libinit$$00000000          0x00000140   Section        2  libinit.o(.ARM.Collect$$libinit$$00000000)
    .ARM.Collect$$libinit$$00000002          0x00000142   Section        0  libinit2.o(.ARM.Collect$$libinit$$00000002)
    .ARM.Collect$$libinit$$00000008          0x00000142   Section        0  libinit2.o(.ARM.Collect$$libinit$$00000008)
    .ARM.Collect$$libinit$$0000000A          0x00000142   Section        0  libinit2.o(.ARM.Collect$$libinit$$0000000A)
    .ARM.Collect$$libinit$$0000000C          0x00000142   Section        0  libinit2.o(.ARM.Collect$$libinit$$0000000C)
    .ARM.Collect$$libinit$$0000000F          0x00000142   Section        0  libinit2.o(.ARM.Collect$$libinit$$0000000F)
    .ARM.Collect$$libinit$$00000011          0x00000142   Section        0  libinit2.o(.ARM.Collect$$libinit$$00000011)
    .ARM.Collect$$libinit$$00000013          0x00000142   Section        0  libinit2.o(.ARM.Collect$$libinit$$00000013)
    .ARM.Collect$$libinit$$00000015          0x00000142   Section        0  libinit2.o(.ARM.Collect$$libinit$$00000015)
    .ARM.Collect$$libinit$$00000017          0x00000142   Section        0  libinit2.o(.ARM.Collect$$libinit$$00000017)
    .ARM.Collect$$libinit$$00000019          0x00000142   Section        0  libinit2.o(.ARM.Collect$$libinit$$00000019)
    .ARM.Collect$$libinit$$0000001B          0x00000142   Section        0  libinit2.o(.ARM.Collect$$libinit$$0000001B)
    .ARM.Collect$$libinit$$0000001D          0x00000142   Section        0  libinit2.o(.ARM.Collect$$libinit$$0000001D)
    .ARM.Collect$$libinit$$0000001F          0x00000142   Section        0  libinit2.o(.ARM.Collect$$libinit$$0000001F)
    .ARM.Collect$$libinit$$00000021          0x00000142   Section        0  libinit2.o(.ARM.Collect$$libinit$$00000021)
    .ARM.Collect$$libinit$$00000023          0x00000142   Section        0  libinit2.o(.ARM.Collect$$libinit$$00000023)
    .ARM.Collect$$libinit$$0000002A          0x00000142   Section        0  libinit2.o(.ARM.Collect$$libinit$$0000002A)
    .ARM.Collect$$libinit$$0000002C          0x00000142   Section        0  libinit2.o(.ARM.Collect$$libinit$$0000002C)
    .ARM.Collect$$libinit$$0000002E          0x00000142   Section        0  libinit2.o(.ARM.Collect$$libinit$$0000002E)
    .ARM.Collect$$libinit$$00000030          0x00000142   Section        0  libinit2.o(.ARM.Collect$$libinit$$00000030)
    .ARM.Collect$$libinit$$00000031          0x00000142   Section        2  libinit2.o(.ARM.Collect$$libinit$$00000031)
    .ARM.Collect$$libshutdown$$00000000      0x00000144   Section        2  libshutdown.o(.ARM.Collect$$libshutdown$$00000000)
    .ARM.Collect$$libshutdown$$00000003      0x00000146   Section        0  libshutdown2.o(.ARM.Collect$$libshutdown$$00000003)
    .ARM.Collect$$libshutdown$$00000006      0x00000146   Section        0  libshutdown2.o(.ARM.Collect$$libshutdown$$00000006)
    .ARM.Collect$$libshutdown$$00000009      0x00000146   Section        0  libshutdown2.o(.ARM.Collect$$libshutdown$$00000009)
    .ARM.Collect$$libshutdown$$0000000B      0x00000146   Section        0  libshutdown2.o(.ARM.Collect$$libshutdown$$0000000B)
    .ARM.Collect$$libshutdown$$0000000E      0x00000146   Section        0  libshutdown2.o(.ARM.Collect$$libshutdown$$0000000E)
    .ARM.Collect$$libshutdown$$0000000F      0x00000146   Section        2  libshutdown2.o(.ARM.Collect$$libshutdown$$0000000F)
    .ARM.Collect$$rtentry$$00000000          0x00000148   Section        0  rtentry.o(.ARM.Collect$$rtentry$$00000000)
    .ARM.Collect$$rtentry$$00000002          0x00000148   Section        0  rtentry2.o(.ARM.Collect$$rtentry$$00000002)
    .ARM.Collect$$rtentry$$00000004          0x00000148   Section        6  rtentry4.o(.ARM.Collect$$rtentry$$00000004)
    .ARM.Collect$$rtentry$$00000009          0x0000014e   Section        0  rtentry2.o(.ARM.Collect$$rtentry$$00000009)
    .ARM.Collect$$rtentry$$0000000A          0x0000014e   Section        4  rtentry2.o(.ARM.Collect$$rtentry$$0000000A)
    .ARM.Collect$$rtentry$$0000000C          0x00000152   Section        0  rtentry2.o(.ARM.Collect$$rtentry$$0000000C)
    .ARM.Collect$$rtentry$$0000000D          0x00000152   Section        8  rtentry2.o(.ARM.Collect$$rtentry$$0000000D)
    .ARM.Collect$$rtexit$$00000000           0x0000015a   Section        2  rtexit.o(.ARM.Collect$$rtexit$$00000000)
    .ARM.Collect$$rtexit$$00000002           0x0000015c   Section        0  rtexit2.o(.ARM.Collect$$rtexit$$00000002)
    .ARM.Collect$$rtexit$$00000003           0x0000015c   Section        4  rtexit2.o(.ARM.Collect$$rtexit$$00000003)
    .ARM.Collect$$rtexit$$00000004           0x00000160   Section        6  rtexit2.o(.ARM.Collect$$rtexit$$00000004)
    .emb_text                                0x00000168   Section       12  uart_irq.o(.emb_text)
    .emb_text                                0x00000174   Section       50  hal.o(.emb_text)
    .emb_text                                0x000001a8   Section       12  timer.o(.emb_text)
    .text                                    0x000001b4   Section       52  startup_lpc17xx.o(.text)
    .text                                    0x000001e8   Section        0  system_lpc17xx.o(.text)
    .text                                    0x00000404   Section        0  uart_polling.o(.text)
    .text                                    0x00000528   Section        0  printf.o(.text)
    ui2a                                     0x00000529   Thumb Code    86  printf.o(.text)
    i2a                                      0x0000057f   Thumb Code    32  printf.o(.text)
    a2d                                      0x0000059f   Thumb Code    50  printf.o(.text)
    a2i                                      0x000005d1   Thumb Code    58  printf.o(.text)
    putchw                                   0x0000060b   Thumb Code    82  printf.o(.text)
    putcp                                    0x000007b1   Thumb Code    10  printf.o(.text)
    .text                                    0x000007ec   Section        0  main_svc.o(.text)
    .text                                    0x00000810   Section        0  uart_irq.o(.text)
    NVIC_EnableIRQ                           0x00000901   Thumb Code    24  uart_irq.o(.text)
    .text                                    0x00000938   Section        0  k_rtx_init.o(.text)
    .text                                    0x0000095e   Section        0  heap.o(.text)
    .text                                    0x00000984   Section        0  memory.o(.text)
    .text                                    0x00000b30   Section        0  process.o(.text)
    .text                                    0x00001084   Section        0  process_queue.o(.text)
    .text                                    0x00001298   Section        0  i_proc.o(.text)
    .text                                    0x00001530   Section        0  message.o(.text)
    .text                                    0x00001634   Section        0  message_queue.o(.text)
    .text                                    0x00001684   Section        0  timer.o(.text)
    .text                                    0x000016d8   Section        0  s_proc.o(.text)
    .text                                    0x000018b4   Section        0  usr_proc.o(.text)
    .text                                    0x00001c2c   Section        0  u_proc.o(.text)
    .text                                    0x00001ddc   Section        0  heapauxi.o(.text)
    .text                                    0x00001de2   Section       74  sys_stackheap_outer.o(.text)
    .text                                    0x00001e2c   Section        0  exit.o(.text)
    .text                                    0x00001e38   Section        8  libspace.o(.text)
    .text                                    0x00001e40   Section        0  sys_exit.o(.text)
    .text                                    0x00001e4c   Section        2  use_no_semi.o(.text)
    .text                                    0x00001e4e   Section        0  indicate_semi.o(.text)
    .data                                    0x10000000   Section        4  system_lpc17xx.o(.data)
    .data                                    0x10000004   Section        8  printf.o(.data)
    stdout_putf                              0x10000004   Data           4  printf.o(.data)
    stdout_putp                              0x10000008   Data           4  printf.o(.data)
    .data                                    0x1000000c   Section       28  uart_irq.o(.data)
    .data                                    0x10000028   Section        8  memory.o(.data)
    .data                                    0x10000030   Section       32  process.o(.data)
    .data                                    0x10000050   Section        1  i_proc.o(.data)
    .data                                    0x10000054   Section        4  message.o(.data)
    .data                                    0x10000058   Section        4  timer.o(.data)
    .data                                    0x1000005c   Section       12  s_proc.o(.data)
    .data                                    0x10000068   Section       36  usr_proc.o(.data)
    .bss                                     0x1000008c   Section      240  process.o(.bss)
    .bss                                     0x1000017c   Section       40  i_proc.o(.bss)
    .bss                                     0x100001a4   Section       40  s_proc.o(.bss)
    .bss                                     0x100001cc   Section      120  usr_proc.o(.bss)
    .bss                                     0x10000244   Section       20  u_proc.o(.bss)
    .bss                                     0x10000258   Section       96  libspace.o(.bss)
    HEAP                                     0x100002b8   Section        0  startup_lpc17xx.o(HEAP)
    STACK                                    0x100002b8   Section      512  startup_lpc17xx.o(STACK)
    Heap_Mem                                 0x100002b8   Data           0  startup_lpc17xx.o(HEAP)
    Stack_Mem                                0x100002b8   Data         512  startup_lpc17xx.o(STACK)
    __initial_sp                             0x100004b8   Data           0  startup_lpc17xx.o(STACK)

    Global Symbols

    Symbol Name                              Value     Ov Type        Size  Object(Section)

    BuildAttributes$$THM_ISAv4$P$D$K$B$S$PE$A:L22UL41UL21$X:L11$S22US41US21$IEEE1$IW$USESV6$~STKCKD$USESV7$~SHL$OSPACE$ROPI$EBA8$UX$STANDARDLIB$REQ8$PRES8$EABIv2 0x00000000   Number         0  anon$$obj.o ABSOLUTE
    __ARM_use_no_argv                        0x00000000   Number         0  main_svc.o ABSOLUTE
    __Vectors                                0x00000000   Data           4  startup_lpc17xx.o(RESET)
    __ARM_exceptions_init                     - Undefined Weak Reference
    __alloca_initialize                       - Undefined Weak Reference
    __cpp_initialize__aeabi_                  - Undefined Weak Reference
    __cxa_finalize                            - Undefined Weak Reference
    __rt_locale                               - Undefined Weak Reference
    __sigvec_lookup                           - Undefined Weak Reference
    _atexit_init                              - Undefined Weak Reference
    _call_atexit_fns                          - Undefined Weak Reference
    _clock_init                               - Undefined Weak Reference
    _fp_trap_init                             - Undefined Weak Reference
    _fp_trap_shutdown                         - Undefined Weak Reference
    _get_lc_collate                           - Undefined Weak Reference
    _get_lc_ctype                             - Undefined Weak Reference
    _get_lc_monetary                          - Undefined Weak Reference
    _get_lc_numeric                           - Undefined Weak Reference
    _get_lc_time                              - Undefined Weak Reference
    _getenv_init                              - Undefined Weak Reference
    _handle_redirection                       - Undefined Weak Reference
    _init_alloc                               - Undefined Weak Reference
    _init_user_alloc                          - Undefined Weak Reference
    _initio                                   - Undefined Weak Reference
    _rand_init                                - Undefined Weak Reference
    _signal_finish                            - Undefined Weak Reference
    _signal_init                              - Undefined Weak Reference
    _terminate_alloc                          - Undefined Weak Reference
    _terminate_user_alloc                     - Undefined Weak Reference
    _terminateio                              - Undefined Weak Reference
    __main                                   0x000000cd   Thumb Code     8  __main.o(!!!main)
    __scatterload                            0x000000d5   Thumb Code     0  __scatter.o(!!!scatter)
    __scatterload_rt2                        0x000000d5   Thumb Code    44  __scatter.o(!!!scatter)
    __scatterload_rt2_thumb_only             0x000000d5   Thumb Code     0  __scatter.o(!!!scatter)
    __scatterload_null                       0x000000e3   Thumb Code     0  __scatter.o(!!!scatter)
    __scatterload_copy                       0x00000109   Thumb Code    26  __scatter_copy.o(!!handler_copy)
    __scatterload_zeroinit                   0x00000125   Thumb Code    28  __scatter_zi.o(!!handler_zi)
    __rt_lib_init                            0x00000141   Thumb Code     0  libinit.o(.ARM.Collect$$libinit$$00000000)
    __rt_lib_init_alloca_1                   0x00000143   Thumb Code     0  libinit2.o(.ARM.Collect$$libinit$$0000002C)
    __rt_lib_init_argv_1                     0x00000143   Thumb Code     0  libinit2.o(.ARM.Collect$$libinit$$0000002A)
    __rt_lib_init_atexit_1                   0x00000143   Thumb Code     0  libinit2.o(.ARM.Collect$$libinit$$00000019)
    __rt_lib_init_clock_1                    0x00000143   Thumb Code     0  libinit2.o(.ARM.Collect$$libinit$$0000001F)
    __rt_lib_init_cpp_1                      0x00000143   Thumb Code     0  libinit2.o(.ARM.Collect$$libinit$$00000030)
    __rt_lib_init_exceptions_1               0x00000143   Thumb Code     0  libinit2.o(.ARM.Collect$$libinit$$0000002E)
    __rt_lib_init_fp_1                       0x00000143   Thumb Code     0  libinit2.o(.ARM.Collect$$libinit$$00000002)
    __rt_lib_init_fp_trap_1                  0x00000143   Thumb Code     0  libinit2.o(.ARM.Collect$$libinit$$0000001D)
    __rt_lib_init_getenv_1                   0x00000143   Thumb Code     0  libinit2.o(.ARM.Collect$$libinit$$00000021)
    __rt_lib_init_heap_1                     0x00000143   Thumb Code     0  libinit2.o(.ARM.Collect$$libinit$$00000008)
    __rt_lib_init_lc_collate_1               0x00000143   Thumb Code     0  libinit2.o(.ARM.Collect$$libinit$$0000000F)
    __rt_lib_init_lc_ctype_1                 0x00000143   Thumb Code     0  libinit2.o(.ARM.Collect$$libinit$$00000011)
    __rt_lib_init_lc_monetary_1              0x00000143   Thumb Code     0  libinit2.o(.ARM.Collect$$libinit$$00000013)
    __rt_lib_init_lc_numeric_1               0x00000143   Thumb Code     0  libinit2.o(.ARM.Collect$$libinit$$00000015)
    __rt_lib_init_lc_time_1                  0x00000143   Thumb Code     0  libinit2.o(.ARM.Collect$$libinit$$00000017)
    __rt_lib_init_rand_1                     0x00000143   Thumb Code     0  libinit2.o(.ARM.Collect$$libinit$$0000000C)
    __rt_lib_init_return                     0x00000143   Thumb Code     0  libinit2.o(.ARM.Collect$$libinit$$00000031)
    __rt_lib_init_signal_1                   0x00000143   Thumb Code     0  libinit2.o(.ARM.Collect$$libinit$$0000001B)
    __rt_lib_init_stdio_1                    0x00000143   Thumb Code     0  libinit2.o(.ARM.Collect$$libinit$$00000023)
    __rt_lib_init_user_alloc_1               0x00000143   Thumb Code     0  libinit2.o(.ARM.Collect$$libinit$$0000000A)
    __rt_lib_shutdown                        0x00000145   Thumb Code     0  libshutdown.o(.ARM.Collect$$libshutdown$$00000000)
    __rt_lib_shutdown_fp_trap_1              0x00000147   Thumb Code     0  libshutdown2.o(.ARM.Collect$$libshutdown$$00000006)
    __rt_lib_shutdown_heap_1                 0x00000147   Thumb Code     0  libshutdown2.o(.ARM.Collect$$libshutdown$$0000000E)
    __rt_lib_shutdown_return                 0x00000147   Thumb Code     0  libshutdown2.o(.ARM.Collect$$libshutdown$$0000000F)
    __rt_lib_shutdown_signal_1               0x00000147   Thumb Code     0  libshutdown2.o(.ARM.Collect$$libshutdown$$00000009)
    __rt_lib_shutdown_stdio_1                0x00000147   Thumb Code     0  libshutdown2.o(.ARM.Collect$$libshutdown$$00000003)
    __rt_lib_shutdown_user_alloc_1           0x00000147   Thumb Code     0  libshutdown2.o(.ARM.Collect$$libshutdown$$0000000B)
    __rt_entry                               0x00000149   Thumb Code     0  rtentry.o(.ARM.Collect$$rtentry$$00000000)
    __rt_entry_presh_1                       0x00000149   Thumb Code     0  rtentry2.o(.ARM.Collect$$rtentry$$00000002)
    __rt_entry_sh                            0x00000149   Thumb Code     0  rtentry4.o(.ARM.Collect$$rtentry$$00000004)
    __rt_entry_li                            0x0000014f   Thumb Code     0  rtentry2.o(.ARM.Collect$$rtentry$$0000000A)
    __rt_entry_postsh_1                      0x0000014f   Thumb Code     0  rtentry2.o(.ARM.Collect$$rtentry$$00000009)
    __rt_entry_main                          0x00000153   Thumb Code     0  rtentry2.o(.ARM.Collect$$rtentry$$0000000D)
    __rt_entry_postli_1                      0x00000153   Thumb Code     0  rtentry2.o(.ARM.Collect$$rtentry$$0000000C)
    __rt_exit                                0x0000015b   Thumb Code     0  rtexit.o(.ARM.Collect$$rtexit$$00000000)
    __rt_exit_ls                             0x0000015d   Thumb Code     0  rtexit2.o(.ARM.Collect$$rtexit$$00000003)
    __rt_exit_prels_1                        0x0000015d   Thumb Code     0  rtexit2.o(.ARM.Collect$$rtexit$$00000002)
    __rt_exit_exit                           0x00000161   Thumb Code     0  rtexit2.o(.ARM.Collect$$rtexit$$00000004)
    UART0_IRQHandler                         0x00000169   Thumb Code    12  uart_irq.o(.emb_text)
    __rte                                    0x00000175   Thumb Code     6  hal.o(.emb_text)
    SVC_Handler                              0x0000017b   Thumb Code    44  hal.o(.emb_text)
    TIMER0_IRQHandler                        0x000001a9   Thumb Code    12  timer.o(.emb_text)
    Reset_Handler                            0x000001b5   Thumb Code     4  startup_lpc17xx.o(.text)
    NMI_Handler                              0x000001b9   Thumb Code     2  startup_lpc17xx.o(.text)
    HardFault_Handler                        0x000001bb   Thumb Code     2  startup_lpc17xx.o(.text)
    MemManage_Handler                        0x000001bd   Thumb Code     2  startup_lpc17xx.o(.text)
    BusFault_Handler                         0x000001bf   Thumb Code     2  startup_lpc17xx.o(.text)
    UsageFault_Handler                       0x000001c1   Thumb Code     2  startup_lpc17xx.o(.text)
    DebugMon_Handler                         0x000001c5   Thumb Code     2  startup_lpc17xx.o(.text)
    PendSV_Handler                           0x000001c7   Thumb Code     2  startup_lpc17xx.o(.text)
    SysTick_Handler                          0x000001c9   Thumb Code     2  startup_lpc17xx.o(.text)
    ADC_IRQHandler                           0x000001cb   Thumb Code     0  startup_lpc17xx.o(.text)
    BOD_IRQHandler                           0x000001cb   Thumb Code     0  startup_lpc17xx.o(.text)
    CANActivity_IRQHandler                   0x000001cb   Thumb Code     0  startup_lpc17xx.o(.text)
    CAN_IRQHandler                           0x000001cb   Thumb Code     0  startup_lpc17xx.o(.text)
    DMA_IRQHandler                           0x000001cb   Thumb Code     0  startup_lpc17xx.o(.text)
    EINT0_IRQHandler                         0x000001cb   Thumb Code     0  startup_lpc17xx.o(.text)
    EINT1_IRQHandler                         0x000001cb   Thumb Code     0  startup_lpc17xx.o(.text)
    EINT2_IRQHandler                         0x000001cb   Thumb Code     0  startup_lpc17xx.o(.text)
    EINT3_IRQHandler                         0x000001cb   Thumb Code     0  startup_lpc17xx.o(.text)
    ENET_IRQHandler                          0x000001cb   Thumb Code     0  startup_lpc17xx.o(.text)
    I2C0_IRQHandler                          0x000001cb   Thumb Code     0  startup_lpc17xx.o(.text)
    I2C1_IRQHandler                          0x000001cb   Thumb Code     0  startup_lpc17xx.o(.text)
    I2C2_IRQHandler                          0x000001cb   Thumb Code     0  startup_lpc17xx.o(.text)
    I2S_IRQHandler                           0x000001cb   Thumb Code     0  startup_lpc17xx.o(.text)
    MCPWM_IRQHandler                         0x000001cb   Thumb Code     0  startup_lpc17xx.o(.text)
    PLL0_IRQHandler                          0x000001cb   Thumb Code     0  startup_lpc17xx.o(.text)
    PLL1_IRQHandler                          0x000001cb   Thumb Code     0  startup_lpc17xx.o(.text)
    PWM1_IRQHandler                          0x000001cb   Thumb Code     0  startup_lpc17xx.o(.text)
    QEI_IRQHandler                           0x000001cb   Thumb Code     0  startup_lpc17xx.o(.text)
    RIT_IRQHandler                           0x000001cb   Thumb Code     0  startup_lpc17xx.o(.text)
    RTC_IRQHandler                           0x000001cb   Thumb Code     0  startup_lpc17xx.o(.text)
    SPI_IRQHandler                           0x000001cb   Thumb Code     0  startup_lpc17xx.o(.text)
    SSP0_IRQHandler                          0x000001cb   Thumb Code     0  startup_lpc17xx.o(.text)
    SSP1_IRQHandler                          0x000001cb   Thumb Code     0  startup_lpc17xx.o(.text)
    TIMER1_IRQHandler                        0x000001cb   Thumb Code     0  startup_lpc17xx.o(.text)
    TIMER2_IRQHandler                        0x000001cb   Thumb Code     0  startup_lpc17xx.o(.text)
    TIMER3_IRQHandler                        0x000001cb   Thumb Code     0  startup_lpc17xx.o(.text)
    UART1_IRQHandler                         0x000001cb   Thumb Code     0  startup_lpc17xx.o(.text)
    UART2_IRQHandler                         0x000001cb   Thumb Code     0  startup_lpc17xx.o(.text)
    UART3_IRQHandler                         0x000001cb   Thumb Code     0  startup_lpc17xx.o(.text)
    USBActivity_IRQHandler                   0x000001cb   Thumb Code     0  startup_lpc17xx.o(.text)
    USB_IRQHandler                           0x000001cb   Thumb Code     0  startup_lpc17xx.o(.text)
    WDT_IRQHandler                           0x000001cb   Thumb Code     0  startup_lpc17xx.o(.text)
    __user_initial_stackheap                 0x000001cd   Thumb Code     0  startup_lpc17xx.o(.text)
    SystemInit                               0x000001e9   Thumb Code   476  system_lpc17xx.o(.text)
    uart_init                                0x00000405   Thumb Code    96  uart_polling.o(.text)
    uart_get_char                            0x00000465   Thumb Code    36  uart_polling.o(.text)
    uart_put_char                            0x00000489   Thumb Code    40  uart_polling.o(.text)
    uart_put_string                          0x000004b1   Thumb Code    38  uart_polling.o(.text)
    putc                                     0x000004d7   Thumb Code    28  uart_polling.o(.text)
    tfp_format                               0x0000065d   Thumb Code   296  printf.o(.text)
    init_printf                              0x00000785   Thumb Code    10  printf.o(.text)
    tfp_printf                               0x0000078f   Thumb Code    34  printf.o(.text)
    tfp_sprintf                              0x000007bb   Thumb Code    38  printf.o(.text)
    main                                     0x000007ed   Thumb Code    26  main_svc.o(.text)
    uart_irq_init                            0x00000811   Thumb Code   132  uart_irq.o(.text)
    c_UART0_IRQHandler                       0x00000895   Thumb Code   108  uart_irq.o(.text)
    k_rtx_init                               0x00000939   Thumb Code    38  k_rtx_init.o(.text)
    heap_push                                0x0000095f   Thumb Code     8  heap.o(.text)
    heap_pop                                 0x00000967   Thumb Code    14  heap.o(.text)
    heap_empty                               0x00000975   Thumb Code    14  heap.o(.text)
    memory_init                              0x00000985   Thumb Code   216  memory.o(.text)
    alloc_stack                              0x00000a5d   Thumb Code    32  memory.o(.text)
    k_request_memory_block                   0x00000a7d   Thumb Code    72  memory.o(.text)
    k_release_memory_block                   0x00000ac5   Thumb Code    48  memory.o(.text)
    i_request_memory_block                   0x00000af5   Thumb Code    24  memory.o(.text)
    process_switch                           0x00000b31   Thumb Code   144  process.o(.text)
    scheduler                                0x00000bc1   Thumb Code    74  process.o(.text)
    k_release_processor                      0x00000c0b   Thumb Code    50  process.o(.text)
    null_process                             0x00000c3d   Thumb Code     8  process.o(.text)
    set_null_proc                            0x00000c45   Thumb Code    28  process.o(.text)
    process_init                             0x00000c61   Thumb Code   872  process.o(.text)
    k_set_process_priority                   0x00000fc9   Thumb Code    66  process.o(.text)
    k_get_process_priority                   0x0000100b   Thumb Code    28  process.o(.text)
    i_release_processor                      0x00001027   Thumb Code    16  process.o(.text)
    i_process_switch                         0x00001037   Thumb Code    28  process.o(.text)
    run_i_timer                              0x00001053   Thumb Code    12  process.o(.text)
    run_i_uart                               0x0000105f   Thumb Code    12  process.o(.text)
    process_enqueue                          0x00001085   Thumb Code    30  process_queue.o(.text)
    process_dequeue                          0x000010a3   Thumb Code    54  process_queue.o(.text)
    process_find                             0x000010d9   Thumb Code    42  process_queue.o(.text)
    process_remove                           0x00001103   Thumb Code    82  process_queue.o(.text)
    process_peek                             0x00001155   Thumb Code    28  process_queue.o(.text)
    process_peek_ready                       0x00001171   Thumb Code    46  process_queue.o(.text)
    process_peek_block                       0x0000119f   Thumb Code    40  process_queue.o(.text)
    process_print_ready                      0x000011c7   Thumb Code    62  process_queue.o(.text)
    process_print_blocked                    0x00001205   Thumb Code    56  process_queue.o(.text)
    process_print_blocked_on_receive         0x0000123d   Thumb Code    56  process_queue.o(.text)
    uart_proc                                0x00001299   Thumb Code   170  i_proc.o(.text)
    timer_proc                               0x00001343   Thumb Code   148  i_proc.o(.text)
    set_i_procs                              0x000013d7   Thumb Code    76  i_proc.o(.text)
    k_send_message                           0x00001531   Thumb Code    82  message.o(.text)
    k_receive_message                        0x00001583   Thumb Code    50  message.o(.text)
    k_delayed_send                           0x000015b5   Thumb Code    66  message.o(.text)
    i_send_message                           0x000015f7   Thumb Code    50  message.o(.text)
    message_queue_enqueue                    0x00001635   Thumb Code    22  message_queue.o(.text)
    message_queue_dequeue                    0x0000164b   Thumb Code    30  message_queue.o(.text)
    message_queue_peek                       0x00001669   Thumb Code     6  message_queue.o(.text)
    message_queue_empty                      0x0000166f   Thumb Code    20  message_queue.o(.text)
    timer_init                               0x00001685   Thumb Code    64  timer.o(.text)
    c_TIMER0_IRQHandler                      0x000016c5   Thumb Code    16  timer.o(.text)
    read_char                                0x000016d9   Thumb Code    40  s_proc.o(.text)
    crt_proc                                 0x00001701   Thumb Code    30  s_proc.o(.text)
    kcd_proc                                 0x0000171f   Thumb Code   292  s_proc.o(.text)
    set_s_procs                              0x00001843   Thumb Code    76  s_proc.o(.text)
    print_test_start                         0x000018b5   Thumb Code    42  usr_proc.o(.text)
    print_test_OK                            0x000018df   Thumb Code    44  usr_proc.o(.text)
    print_test_FAIL                          0x0000190b   Thumb Code    44  usr_proc.o(.text)
    print_test_results                       0x00001937   Thumb Code   116  usr_proc.o(.text)
    proc6                                    0x000019ab   Thumb Code    10  usr_proc.o(.text)
    proc5                                    0x000019b5   Thumb Code    12  usr_proc.o(.text)
    proc4                                    0x000019c1   Thumb Code    10  usr_proc.o(.text)
    proc3                                    0x000019cb   Thumb Code    18  usr_proc.o(.text)
    proc2                                    0x000019dd   Thumb Code    18  usr_proc.o(.text)
    proc0                                    0x000019ef   Thumb Code    96  usr_proc.o(.text)
    set_test_procs                           0x00001a4f   Thumb Code   108  usr_proc.o(.text)
    proc1                                    0x00001abb   Thumb Code   176  usr_proc.o(.text)
    get_int                                  0x00001c2d   Thumb Code     8  u_proc.o(.text)
    is_int                                   0x00001c35   Thumb Code    22  u_proc.o(.text)
    clock_proc                               0x00001c4b   Thumb Code   308  u_proc.o(.text)
    set_u_procs                              0x00001d7f   Thumb Code    64  u_proc.o(.text)
    __use_two_region_memory                  0x00001ddd   Thumb Code     2  heapauxi.o(.text)
    __rt_heap_escrow$2region                 0x00001ddf   Thumb Code     2  heapauxi.o(.text)
    __rt_heap_expand$2region                 0x00001de1   Thumb Code     2  heapauxi.o(.text)
    __user_setup_stackheap                   0x00001de3   Thumb Code    74  sys_stackheap_outer.o(.text)
    exit                                     0x00001e2d   Thumb Code    12  exit.o(.text)
    __user_libspace                          0x00001e39   Thumb Code     8  libspace.o(.text)
    __user_perproc_libspace                  0x00001e39   Thumb Code     0  libspace.o(.text)
    __user_perthread_libspace                0x00001e39   Thumb Code     0  libspace.o(.text)
    _sys_exit                                0x00001e41   Thumb Code     8  sys_exit.o(.text)
    __I$use$semihosting                      0x00001e4d   Thumb Code     0  use_no_semi.o(.text)
    __use_no_semihosting_swi                 0x00001e4d   Thumb Code     2  use_no_semi.o(.text)
    __semihosting_library_function           0x00001e4f   Thumb Code     0  indicate_semi.o(.text)
    Region$$Table$$Base                      0x00001e50   Number         0  anon$$obj.o(Region$$Table)
    Region$$Table$$Limit                     0x00001e70   Number         0  anon$$obj.o(Region$$Table)
    SystemFrequency                          0x10000000   Data           4  system_lpc17xx.o(.data)
    g_buffer                                 0x1000000c   Data          16  uart_irq.o(.data)
    gp_buffer                                0x1000001c   Data           4  uart_irq.o(.data)
    g_send_char                              0x10000020   Data           1  uart_irq.o(.data)
    g_char_in                                0x10000021   Data           1  uart_irq.o(.data)
    g_char_out                               0x10000022   Data           1  uart_irq.o(.data)
    g_switch_flag                            0x10000024   Data           4  uart_irq.o(.data)
    gp_stack                                 0x10000028   Data           4  memory.o(.data)
    p_heap                                   0x1000002c   Data           4  memory.o(.data)
    gp_current_process                       0x10000030   Data           4  process.o(.data)
    gp_pcbs                                  0x10000034   Data           4  process.o(.data)
    gp_pcb_queue                             0x10000038   Data           4  process.o(.data)
    gp_pcbs_ready                            0x1000003c   Data           4  process.o(.data)
    s_kcd                                    0x10000040   Data           4  process.o(.data)
    s_crt                                    0x10000044   Data           4  process.o(.data)
    i_timer                                  0x10000048   Data           4  process.o(.data)
    i_uart                                   0x1000004c   Data           4  process.o(.data)
    sec                                      0x10000050   Data           1  i_proc.o(.data)
    gp_timeout_queue                         0x10000054   Data           4  message.o(.data)
    g_timer_count                            0x10000058   Data           4  timer.o(.data)
    input_buffer_index                       0x1000005c   Data           4  s_proc.o(.data)
    command_identifiers                      0x10000060   Data           4  s_proc.o(.data)
    gp_input_buffer                          0x10000064   Data           4  s_proc.o(.data)
    test_ok                                  0x10000068   Data           4  usr_proc.o(.data)
    test_fail                                0x1000006c   Data           4  usr_proc.o(.data)
    test_num                                 0x10000070   Data           4  usr_proc.o(.data)
    test_2_ok                                0x10000074   Data           4  usr_proc.o(.data)
    test_3_ok_1                              0x10000078   Data           4  usr_proc.o(.data)
    test_3_ok_2                              0x1000007c   Data           4  usr_proc.o(.data)
    test_3_ok_3                              0x10000080   Data           4  usr_proc.o(.data)
    test_3_ok_4                              0x10000084   Data           4  usr_proc.o(.data)
    test_6_ok                                0x10000088   Data           4  usr_proc.o(.data)
    g_proc_table                             0x1000008c   Data         240  process.o(.bss)
    g_i_procs                                0x1000017c   Data          40  i_proc.o(.bss)
    g_s_procs                                0x100001a4   Data          40  s_proc.o(.bss)
    g_test_procs                             0x100001cc   Data         120  usr_proc.o(.bss)
    g_u_procs                                0x10000244   Data          20  u_proc.o(.bss)
    __libspace_start                         0x10000258   Data          96  libspace.o(.bss)
    __temporary_stack_top$libspace           0x100002b8   Data           0  libspace.o(.bss)
    Image$$RW_IRAM1$$ZI$$Limit               0x100004b8   Number         0  startup_lpc17xx.o(STACK)



==============================================================================

Memory Map of the image

  Image Entry point : 0x000000cd

  Load Region LR_IROM1 (Base: 0x00000000, Size: 0x00001efc, Max: 0x00080000, ABSOLUTE)

    Execution Region ER_IROM1 (Base: 0x00000000, Size: 0x00001e70, Max: 0x00080000, ABSOLUTE)

    Base Addr    Size         Type   Attr      Idx    E Section Name        Object

    0x00000000   0x000000cc   Data   RO            3    RESET               startup_lpc17xx.o
    0x000000cc   0x00000008   Code   RO          423  * !!!main             c_w.l(__main.o)
    0x000000d4   0x00000034   Code   RO          577    !!!scatter          c_w.l(__scatter.o)
    0x00000108   0x0000001a   Code   RO          579    !!handler_copy      c_w.l(__scatter_copy.o)
    0x00000122   0x00000002   PAD
    0x00000124   0x0000001c   Code   RO          581    !!handler_zi        c_w.l(__scatter_zi.o)
    0x00000140   0x00000002   Code   RO          450    .ARM.Collect$$libinit$$00000000  c_w.l(libinit.o)
    0x00000142   0x00000000   Code   RO          457    .ARM.Collect$$libinit$$00000002  c_w.l(libinit2.o)
    0x00000142   0x00000000   Code   RO          460    .ARM.Collect$$libinit$$00000008  c_w.l(libinit2.o)
    0x00000142   0x00000000   Code   RO          462    .ARM.Collect$$libinit$$0000000A  c_w.l(libinit2.o)
    0x00000142   0x00000000   Code   RO          464    .ARM.Collect$$libinit$$0000000C  c_w.l(libinit2.o)
    0x00000142   0x00000000   Code   RO          467    .ARM.Collect$$libinit$$0000000F  c_w.l(libinit2.o)
    0x00000142   0x00000000   Code   RO          469    .ARM.Collect$$libinit$$00000011  c_w.l(libinit2.o)
    0x00000142   0x00000000   Code   RO          471    .ARM.Collect$$libinit$$00000013  c_w.l(libinit2.o)
    0x00000142   0x00000000   Code   RO          473    .ARM.Collect$$libinit$$00000015  c_w.l(libinit2.o)
    0x00000142   0x00000000   Code   RO          475    .ARM.Collect$$libinit$$00000017  c_w.l(libinit2.o)
    0x00000142   0x00000000   Code   RO          477    .ARM.Collect$$libinit$$00000019  c_w.l(libinit2.o)
    0x00000142   0x00000000   Code   RO          479    .ARM.Collect$$libinit$$0000001B  c_w.l(libinit2.o)
    0x00000142   0x00000000   Code   RO          481    .ARM.Collect$$libinit$$0000001D  c_w.l(libinit2.o)
    0x00000142   0x00000000   Code   RO          483    .ARM.Collect$$libinit$$0000001F  c_w.l(libinit2.o)
    0x00000142   0x00000000   Code   RO          485    .ARM.Collect$$libinit$$00000021  c_w.l(libinit2.o)
    0x00000142   0x00000000   Code   RO          487    .ARM.Collect$$libinit$$00000023  c_w.l(libinit2.o)
    0x00000142   0x00000000   Code   RO          491    .ARM.Collect$$libinit$$0000002A  c_w.l(libinit2.o)
    0x00000142   0x00000000   Code   RO          493    .ARM.Collect$$libinit$$0000002C  c_w.l(libinit2.o)
    0x00000142   0x00000000   Code   RO          495    .ARM.Collect$$libinit$$0000002E  c_w.l(libinit2.o)
    0x00000142   0x00000000   Code   RO          497    .ARM.Collect$$libinit$$00000030  c_w.l(libinit2.o)
    0x00000142   0x00000002   Code   RO          498    .ARM.Collect$$libinit$$00000031  c_w.l(libinit2.o)
    0x00000144   0x00000002   Code   RO          518    .ARM.Collect$$libshutdown$$00000000  c_w.l(libshutdown.o)
    0x00000146   0x00000000   Code   RO          532    .ARM.Collect$$libshutdown$$00000003  c_w.l(libshutdown2.o)
    0x00000146   0x00000000   Code   RO          535    .ARM.Collect$$libshutdown$$00000006  c_w.l(libshutdown2.o)
    0x00000146   0x00000000   Code   RO          538    .ARM.Collect$$libshutdown$$00000009  c_w.l(libshutdown2.o)
    0x00000146   0x00000000   Code   RO          540    .ARM.Collect$$libshutdown$$0000000B  c_w.l(libshutdown2.o)
    0x00000146   0x00000000   Code   RO          543    .ARM.Collect$$libshutdown$$0000000E  c_w.l(libshutdown2.o)
    0x00000146   0x00000002   Code   RO          544    .ARM.Collect$$libshutdown$$0000000F  c_w.l(libshutdown2.o)
    0x00000148   0x00000000   Code   RO          425    .ARM.Collect$$rtentry$$00000000  c_w.l(rtentry.o)
    0x00000148   0x00000000   Code   RO          427    .ARM.Collect$$rtentry$$00000002  c_w.l(rtentry2.o)
    0x00000148   0x00000006   Code   RO          439    .ARM.Collect$$rtentry$$00000004  c_w.l(rtentry4.o)
    0x0000014e   0x00000000   Code   RO          429    .ARM.Collect$$rtentry$$00000009  c_w.l(rtentry2.o)
    0x0000014e   0x00000004   Code   RO          430    .ARM.Collect$$rtentry$$0000000A  c_w.l(rtentry2.o)
    0x00000152   0x00000000   Code   RO          432    .ARM.Collect$$rtentry$$0000000C  c_w.l(rtentry2.o)
    0x00000152   0x00000008   Code   RO          433    .ARM.Collect$$rtentry$$0000000D  c_w.l(rtentry2.o)
    0x0000015a   0x00000002   Code   RO          454    .ARM.Collect$$rtexit$$00000000  c_w.l(rtexit.o)
    0x0000015c   0x00000000   Code   RO          500    .ARM.Collect$$rtexit$$00000002  c_w.l(rtexit2.o)
    0x0000015c   0x00000004   Code   RO          501    .ARM.Collect$$rtexit$$00000003  c_w.l(rtexit2.o)
    0x00000160   0x00000006   Code   RO          502    .ARM.Collect$$rtexit$$00000004  c_w.l(rtexit2.o)
    0x00000166   0x00000002   PAD
    0x00000168   0x0000000c   Code   RO          134    .emb_text           uart_irq.o
    0x00000174   0x00000032   Code   RO          176    .emb_text           hal.o
    0x000001a6   0x00000002   PAD
    0x000001a8   0x0000000c   Code   RO          338    .emb_text           timer.o
    0x000001b4   0x00000034   Code   RO            4    .text               startup_lpc17xx.o
    0x000001e8   0x0000021c   Code   RO           12    .text               system_lpc17xx.o
    0x00000404   0x00000124   Code   RO           56    .text               uart_polling.o
    0x00000528   0x000002c4   Code   RO           77    .text               printf.o
    0x000007ec   0x00000024   Code   RO           99    .text               main_svc.o
    0x00000810   0x00000128   Code   RO          135    .text               uart_irq.o
    0x00000938   0x00000026   Code   RO          183    .text               k_rtx_init.o
    0x0000095e   0x00000024   Code   RO          211    .text               heap.o
    0x00000982   0x00000002   PAD
    0x00000984   0x000001ac   Code   RO          223    .text               memory.o
    0x00000b30   0x00000554   Code   RO          240    .text               process.o
    0x00001084   0x00000214   Code   RO          265    .text               process_queue.o
    0x00001298   0x00000298   Code   RO          279    .text               i_proc.o
    0x00001530   0x00000104   Code   RO          305    .text               message.o
    0x00001634   0x0000004e   Code   RO          324    .text               message_queue.o
    0x00001682   0x00000002   PAD
    0x00001684   0x00000054   Code   RO          339    .text               timer.o
    0x000016d8   0x000001dc   Code   RO          363    .text               s_proc.o
    0x000018b4   0x00000378   Code   RO          382    .text               usr_proc.o
    0x00001c2c   0x000001b0   Code   RO          401    .text               u_proc.o
    0x00001ddc   0x00000006   Code   RO          421    .text               c_w.l(heapauxi.o)
    0x00001de2   0x0000004a   Code   RO          441    .text               c_w.l(sys_stackheap_outer.o)
    0x00001e2c   0x0000000c   Code   RO          443    .text               c_w.l(exit.o)
    0x00001e38   0x00000008   Code   RO          451    .text               c_w.l(libspace.o)
    0x00001e40   0x0000000c   Code   RO          510    .text               c_w.l(sys_exit.o)
    0x00001e4c   0x00000002   Code   RO          521    .text               c_w.l(use_no_semi.o)
    0x00001e4e   0x00000000   Code   RO          523    .text               c_w.l(indicate_semi.o)
    0x00001e4e   0x00000002   PAD
    0x00001e50   0x00000020   Data   RO          575    Region$$Table       anon$$obj.o


    Execution Region RW_IRAM1 (Base: 0x10000000, Size: 0x000004b8, Max: 0x00008000, ABSOLUTE)

    Base Addr    Size         Type   Attr      Idx    E Section Name        Object

    0x10000000   0x00000004   Data   RW           13    .data               system_lpc17xx.o
    0x10000004   0x00000008   Data   RW           78    .data               printf.o
    0x1000000c   0x0000001c   Data   RW          136    .data               uart_irq.o
    0x10000028   0x00000008   Data   RW          224    .data               memory.o
    0x10000030   0x00000020   Data   RW          242    .data               process.o
    0x10000050   0x00000001   Data   RW          281    .data               i_proc.o
    0x10000051   0x00000003   PAD
    0x10000054   0x00000004   Data   RW          306    .data               message.o
    0x10000058   0x00000004   Data   RW          340    .data               timer.o
    0x1000005c   0x0000000c   Data   RW          365    .data               s_proc.o
    0x10000068   0x00000024   Data   RW          384    .data               usr_proc.o
    0x1000008c   0x000000f0   Zero   RW          241    .bss                process.o
    0x1000017c   0x00000028   Zero   RW          280    .bss                i_proc.o
    0x100001a4   0x00000028   Zero   RW          364    .bss                s_proc.o
    0x100001cc   0x00000078   Zero   RW          383    .bss                usr_proc.o
    0x10000244   0x00000014   Zero   RW          402    .bss                u_proc.o
    0x10000258   0x00000060   Zero   RW          452    .bss                c_w.l(libspace.o)
    0x100002b8   0x00000000   Zero   RW            2    HEAP                startup_lpc17xx.o
    0x100002b8   0x00000200   Zero   RW            1    STACK               startup_lpc17xx.o


==============================================================================

Image component sizes


      Code (inc. data)   RO Data    RW Data    ZI Data      Debug   Object Name

        50          0          0          0          0        324   hal.o
        36          0          0          0          0       1084   heap.o
       664        270          0          1         40       1383   i_proc.o
        38          0          0          0          0        413   k_rtx_init.o
        36         10          0          0          0       2871   main_svc.o
       428         36          0          8          0       2029   memory.o
       260         12          0          4          0       2024   message.o
        78          0          0          0          0       1189   message_queue.o
       708         12          0          8          0       3988   printf.o
      1364         68          0         32        240       5469   process.o
       532         36          0          0          0       4176   process_queue.o
       476         38          0         12         40       1965   s_proc.o
        52         18        204          0        512        768   startup_lpc17xx.o
       540         64          0          4          0      21559   system_lpc17xx.o
        96          4          0          4          0       1553   timer.o
       432         30          0          0         20       1812   u_proc.o
       308         32          0         28          0      25710   uart_irq.o
       292         54          0          0          0       1957   uart_polling.o
       888        194          0         36        120       3059   usr_proc.o

    ----------------------------------------------------------------------
      7284        878        236        140        972      83333   Object Totals
         0          0         32          0          0          0   (incl. Generated)
         6          0          0          3          0          0   (incl. Padding)

    ----------------------------------------------------------------------

      Code (inc. data)   RO Data    RW Data    ZI Data      Debug   Library Member Name

         8          0          0          0          0         68   __main.o
        52          8          0          0          0          0   __scatter.o
        26          0          0          0          0          0   __scatter_copy.o
        28          0          0          0          0          0   __scatter_zi.o
        12          0          0          0          0         72   exit.o
         6          0          0          0          0        152   heapauxi.o
         0          0          0          0          0          0   indicate_semi.o
         2          0          0          0          0          0   libinit.o
         2          0          0          0          0          0   libinit2.o
         2          0          0          0          0          0   libshutdown.o
         2          0          0          0          0          0   libshutdown2.o
         8          4          0          0         96         68   libspace.o
         0          0          0          0          0          0   rtentry.o
        12          0          0          0          0          0   rtentry2.o
         6          0          0          0          0          0   rtentry4.o
         2          0          0          0          0          0   rtexit.o
        10          0          0          0          0          0   rtexit2.o
        12          4          0          0          0         68   sys_exit.o
        74          0          0          0          0         80   sys_stackheap_outer.o
         2          0          0          0          0         68   use_no_semi.o

    ----------------------------------------------------------------------
       272         16          0          0         96        576   Library Totals
         6          0          0          0          0          0   (incl. Padding)

    ----------------------------------------------------------------------

      Code (inc. data)   RO Data    RW Data    ZI Data      Debug   Library Name

       266         16          0          0         96        576   c_w.l

    ----------------------------------------------------------------------
       272         16          0          0         96        576   Library Totals

    ----------------------------------------------------------------------

==============================================================================


      Code (inc. data)   RO Data    RW Data    ZI Data      Debug   

      7556        894        236        140       1068      82245   Grand Totals
      7556        894        236        140       1068      82245   ELF Image Totals
      7556        894        236        140          0          0   ROM Totals

==============================================================================

    Total RO  Size (Code + RO Data)                 7792 (   7.61kB)
    Total RW  Size (RW Data + ZI Data)              1208 (   1.18kB)
    Total ROM Size (Code + RO Data + RW Data)       7932 (   7.75kB)

==============================================================================

