<html>
<body>
<pre>
<h1>µVision Build Log</h1>
<h2>Project:</h2>
N:\SE350\P2\SE350-lab\RTX\context_switching.uvproj
Project File Date:  02/26/2016

<h2>Output:</h2>
Rebuild target 'RTX'
assembling startup_LPC17xx.s...
compiling system_LPC17xx.c...
compiling uart_polling.c...
compiling printf.c...
compiling main_svc.c...
compiling uart_irq.c...
compiling HAL.c...
compiling k_rtx_init.c...
compiling heap.c...
compiling memory.c...
compiling process.c...
compiling process_queue.c...
compiling usr_proc.c...
linking...
Program Size: Code=4324 RO-data=236 RW-data=92 ZI-data=820  
"context_switching.axf" - 0 Error(s), 0 Warning(s).
