<html>
<body>
<pre>
<h1>µVision Build Log</h1>
<h2>Project:</h2>
N:\SE350-Lab\HelloWorld\HelloWorld.uvproj
Project File Date:  01/15/2016

<h2>Output:</h2>
Rebuild target 'Target 1'
assembling startup_LPC17xx.s...
compiling system_LPC17xx.c...
compiling uart_polling.c...
compiling main.c...
linking...
Program Size: Code=1140 RO-data=236 RW-data=4 ZI-data=612  
"HelloWorld.axf" - 0 Error(s), 0 Warning(s).
Load "N:\\SE350-Lab\\HelloWorld\\HelloWorld.AXF" 
No Algorithm found for: 10000000H - 1000055FH
Partial Erase Done (areas with no algorithms skipped!)
No Algorithm found for: 10000000H - 1000055FH
Partial Programming Done (areas with no algorithms skipped!)
Partial Verify OK (areas with no algorithms skipped!)
Clean started: Project: 'HelloWorld'
   deleting intermediate output files for target 'Target 1'
Clean started: Project: 'HelloWorld'
   deleting intermediate output files for target 'Target 1'
Rebuild target 'Target 1'
assembling startup_LPC17xx.s...
compiling system_LPC17xx.c...
compiling uart_polling.c...
compiling main.c...
linking...
Program Size: Code=1140 RO-data=236 RW-data=4 ZI-data=612  
"HelloWorld.axf" - 0 Error(s), 0 Warning(s).
Load "N:\\SE350-Lab\\HelloWorld\\HelloWorld.AXF" 
No Algorithm found for: 10000000H - 1000055FH
Partial Erase Done (areas with no algorithms skipped!)
No Algorithm found for: 10000000H - 1000055FH
Partial Programming Done (areas with no algorithms skipped!)
Partial Verify OK (areas with no algorithms skipped!)
Rebuild target 'Target 1'
assembling startup_LPC17xx.s...
compiling system_LPC17xx.c...
compiling uart_polling.c...
compiling main.c...
main.c(7): error:  #268: declaration may not appear after executable statement in block
main.c(7): warning:  #223-D: function "_RDWORD" declared implicitly
Target not created
Rebuild target 'Target 1'
assembling startup_LPC17xx.s...
compiling system_LPC17xx.c...
compiling uart_polling.c...
compiling main.c...
main.c(7): error:  #268: declaration may not appear after executable statement in block
main.c(7): error:  #144: a value of type "int" cannot be used to initialize an entity of type "int *"
main.c(8): error:  #268: declaration may not appear after executable statement in block
main.c(8): warning:  #177-D: variable "b" was declared but never referenced
Target not created
Rebuild target 'Target 1'
assembling startup_LPC17xx.s...
compiling system_LPC17xx.c...
compiling uart_polling.c...
compiling main.c...
main.c(7): error:  #268: declaration may not appear after executable statement in block
main.c(7): error:  #65: expected a ";"
main.c(8): error:  #268: declaration may not appear after executable statement in block
main.c(8): error:  #75: operand of "*" must be a pointer
Target not created
Rebuild target 'Target 1'
assembling startup_LPC17xx.s...
compiling system_LPC17xx.c...
compiling uart_polling.c...
compiling main.c...
main.c(7): error:  #268: declaration may not appear after executable statement in block
main.c(7): error:  #144: a value of type "int" cannot be used to initialize an entity of type "int *"
main.c(8): error:  #268: declaration may not appear after executable statement in block
main.c(8): warning:  #177-D: variable "b" was declared but never referenced
Target not created
Rebuild target 'Target 1'
assembling startup_LPC17xx.s...
compiling system_LPC17xx.c...
compiling uart_polling.c...
compiling main.c...
main.c(7): error:  #268: declaration may not appear after executable statement in block
main.c(7): error:  #144: a value of type "int" cannot be used to initialize an entity of type "int *"
main.c(8): error:  #268: declaration may not appear after executable statement in block
main.c(8): warning:  #177-D: variable "b" was declared but never referenced
Target not created
Rebuild target 'Target 1'
assembling startup_LPC17xx.s...
compiling system_LPC17xx.c...
compiling uart_polling.c...
compiling main.c...
main.c(7): error:  #268: declaration may not appear after executable statement in block
main.c(7): error:  #20: identifier "uint32_ptr" is undefined
main.c(8): error:  #268: declaration may not appear after executable statement in block
Target not created
Rebuild target 'Target 1'
assembling startup_LPC17xx.s...
compiling system_LPC17xx.c...
compiling uart_polling.c...
compiling main.c...
main.c(7): error:  #268: declaration may not appear after executable statement in block
main.c(8): error:  #268: declaration may not appear after executable statement in block
main.c(8): error:  #75: operand of "*" must be a pointer
Target not created
Rebuild target 'Target 1'
assembling startup_LPC17xx.s...
compiling system_LPC17xx.c...
compiling uart_polling.c...
compiling main.c...
main.c(5): error:  #75: operand of "*" must be a pointer
Target not created
Rebuild target 'Target 1'
assembling startup_LPC17xx.s...
compiling system_LPC17xx.c...
compiling uart_polling.c...
compiling main.c...
main.c(4): error:  #144: a value of type "int" cannot be used to initialize an entity of type "uint32_t *"
main.c(5): warning:  #177-D: variable "b" was declared but never referenced
Target not created
Rebuild target 'Target 1'
assembling startup_LPC17xx.s...
compiling system_LPC17xx.c...
compiling uart_polling.c...
compiling main.c...
main.c(4): warning:  #144-D: a value of type "int *" cannot be used to initialize an entity of type "uint32_t *"
main.c(5): warning:  #177-D: variable "b" was declared but never referenced
linking...
Program Size: Code=1148 RO-data=236 RW-data=4 ZI-data=612  
"HelloWorld.axf" - 0 Error(s), 2 Warning(s).
Rebuild target 'Target 1'
assembling startup_LPC17xx.s...
compiling system_LPC17xx.c...
compiling uart_polling.c...
compiling main.c...
main.c(4): warning:  #144-D: a value of type "int *" cannot be used to initialize an entity of type "uint32_t *"
main.c(5): warning:  #177-D: variable "b" was declared but never referenced
linking...
Program Size: Code=1148 RO-data=236 RW-data=4 ZI-data=612  
"HelloWorld.axf" - 0 Error(s), 2 Warning(s).
Rebuild target 'Target 1'
assembling startup_LPC17xx.s...
compiling system_LPC17xx.c...
compiling uart_polling.c...
compiling main.c...
main.c(5): warning:  #177-D: variable "b" was declared but never referenced
linking...
Program Size: Code=1148 RO-data=236 RW-data=4 ZI-data=612  
"HelloWorld.axf" - 0 Error(s), 1 Warning(s).
Load "N:\\SE350-Lab\\HelloWorld\\HelloWorld.AXF" 
No Algorithm found for: 10000000H - 10000567H
Partial Erase Done (areas with no algorithms skipped!)
No Algorithm found for: 10000000H - 10000567H
Partial Programming Done (areas with no algorithms skipped!)
Partial Verify OK (areas with no algorithms skipped!)
Rebuild target 'Target 1'
assembling startup_LPC17xx.s...
compiling system_LPC17xx.c...
compiling uart_polling.c...
compiling main.c...
main.c(6): error:  #268: declaration may not appear after executable statement in block
main.c(6): warning:  #177-D: variable "b" was declared but never referenced
Target not created
Rebuild target 'Target 1'
assembling startup_LPC17xx.s...
compiling system_LPC17xx.c...
compiling uart_polling.c...
compiling main.c...
main.c(5): warning:  #177-D: variable "b" was declared but never referenced
linking...
Program Size: Code=1156 RO-data=236 RW-data=4 ZI-data=612  
"HelloWorld.axf" - 0 Error(s), 1 Warning(s).
Load "N:\\SE350-Lab\\HelloWorld\\HelloWorld.AXF" 
No Algorithm found for: 10000000H - 1000056FH
Partial Erase Done (areas with no algorithms skipped!)
No Algorithm found for: 10000000H - 1000056FH
Partial Programming Done (areas with no algorithms skipped!)
Partial Verify OK (areas with no algorithms skipped!)
Rebuild target 'Target 1'
assembling startup_LPC17xx.s...
compiling system_LPC17xx.c...
compiling uart_polling.c...
compiling main.c...
main.c(6): warning:  #177-D: variable "c" was declared but never referenced
linking...
Program Size: Code=1164 RO-data=236 RW-data=4 ZI-data=612  
"HelloWorld.axf" - 0 Error(s), 1 Warning(s).
Load "N:\\SE350-Lab\\HelloWorld\\HelloWorld.AXF" 
No Algorithm found for: 10000000H - 10000577H
Partial Erase Done (areas with no algorithms skipped!)
No Algorithm found for: 10000000H - 10000577H
Partial Programming Done (areas with no algorithms skipped!)
Partial Verify OK (areas with no algorithms skipped!)
Clean started: Project: 'HelloWorld'
   deleting intermediate output files for target 'Target 1'
