<html>
<body>
<pre>
<h1>µVision Build Log</h1>
<h2>Project:</h2>
N:\SE350\SE350-Lab\HelloWorld\HelloWorld.uvproj
Project File Date:  01/29/2016

<h2>Output:</h2>
Rebuild target 'Target 1'
assembling startup_LPC17xx.s...
compiling system_LPC17xx.c...
compiling uart_polling.c...
compiling main.c...
compiling HAL.c...
compiling heap.c...
compiling memory.c...
compiling process.c...
compiling process_queue.c...
compiling usr_proc.c...
compiling printf.c...
linking...
Program Size: Code=3372 RO-data=236 RW-data=36 ZI-data=676  
"HelloWorld.axf" - 0 Error(s), 0 Warning(s).
Rebuild target 'Target 1'
assembling startup_LPC17xx.s...
compiling system_LPC17xx.c...
compiling uart_polling.c...
compiling main.c...
compiling HAL.c...
compiling heap.c...
compiling memory.c...
compiling process.c...
compiling process_queue.c...
compiling usr_proc.c...
compiling printf.c...
linking...
Program Size: Code=3372 RO-data=236 RW-data=36 ZI-data=676  
"HelloWorld.axf" - 0 Error(s), 0 Warning(s).
Load "N:\\SE350\\SE350-Lab\\HelloWorld\\HelloWorld.AXF" 
No Algorithm found for: 10000000H - 10000E37H
Partial Erase Done (areas with no algorithms skipped!)
No Algorithm found for: 10000000H - 10000E37H
Partial Programming Done (areas with no algorithms skipped!)
Partial Verify OK (areas with no algorithms skipped!)
